Archive member included to satisfy reference by file (symbol)

/home/funtime/arm_gcc/gcc-arm-none-eabi-10.3-2021.10/bin/../lib/gcc/arm-none-eabi/10.3.1/../../../../arm-none-eabi/lib/thumb/v7e-m+fp/hard/libc_nano.a(lib_a-exit.o)
                              /home/funtime/arm_gcc/gcc-arm-none-eabi-10.3-2021.10/bin/../lib/gcc/arm-none-eabi/10.3.1/../../../../arm-none-eabi/lib/thumb/v7e-m+fp/hard/crt0.o (exit)
/home/funtime/arm_gcc/gcc-arm-none-eabi-10.3-2021.10/bin/../lib/gcc/arm-none-eabi/10.3.1/../../../../arm-none-eabi/lib/thumb/v7e-m+fp/hard/libc_nano.a(lib_a-impure.o)
                              /home/funtime/arm_gcc/gcc-arm-none-eabi-10.3-2021.10/bin/../lib/gcc/arm-none-eabi/10.3.1/../../../../arm-none-eabi/lib/thumb/v7e-m+fp/hard/libc_nano.a(lib_a-exit.o) (_global_impure_ptr)
/home/funtime/arm_gcc/gcc-arm-none-eabi-10.3-2021.10/bin/../lib/gcc/arm-none-eabi/10.3.1/../../../../arm-none-eabi/lib/thumb/v7e-m+fp/hard/libc_nano.a(lib_a-init.o)
                              /home/funtime/arm_gcc/gcc-arm-none-eabi-10.3-2021.10/bin/../lib/gcc/arm-none-eabi/10.3.1/../../../../arm-none-eabi/lib/thumb/v7e-m+fp/hard/crt0.o (__libc_init_array)
/home/funtime/arm_gcc/gcc-arm-none-eabi-10.3-2021.10/bin/../lib/gcc/arm-none-eabi/10.3.1/../../../../arm-none-eabi/lib/thumb/v7e-m+fp/hard/libc_nano.a(lib_a-memset.o)
                              /home/funtime/arm_gcc/gcc-arm-none-eabi-10.3-2021.10/bin/../lib/gcc/arm-none-eabi/10.3.1/../../../../arm-none-eabi/lib/thumb/v7e-m+fp/hard/crt0.o (memset)
/home/funtime/arm_gcc/gcc-arm-none-eabi-10.3-2021.10/bin/../lib/gcc/arm-none-eabi/10.3.1/../../../../arm-none-eabi/lib/thumb/v7e-m+fp/hard/libnosys.a(_exit.o)
                              /home/funtime/arm_gcc/gcc-arm-none-eabi-10.3-2021.10/bin/../lib/gcc/arm-none-eabi/10.3.1/../../../../arm-none-eabi/lib/thumb/v7e-m+fp/hard/libc_nano.a(lib_a-exit.o) (_exit)

Discarded input sections

 .text          0x0000000000000000        0x0 /home/funtime/arm_gcc/gcc-arm-none-eabi-10.3-2021.10/bin/../lib/gcc/arm-none-eabi/10.3.1/thumb/v7e-m+fp/hard/crti.o
 .data          0x0000000000000000        0x0 /home/funtime/arm_gcc/gcc-arm-none-eabi-10.3-2021.10/bin/../lib/gcc/arm-none-eabi/10.3.1/thumb/v7e-m+fp/hard/crti.o
 .bss           0x0000000000000000        0x0 /home/funtime/arm_gcc/gcc-arm-none-eabi-10.3-2021.10/bin/../lib/gcc/arm-none-eabi/10.3.1/thumb/v7e-m+fp/hard/crti.o
 .data          0x0000000000000000        0x4 /home/funtime/arm_gcc/gcc-arm-none-eabi-10.3-2021.10/bin/../lib/gcc/arm-none-eabi/10.3.1/thumb/v7e-m+fp/hard/crtbegin.o
 .rodata        0x0000000000000000       0x24 /home/funtime/arm_gcc/gcc-arm-none-eabi-10.3-2021.10/bin/../lib/gcc/arm-none-eabi/10.3.1/thumb/v7e-m+fp/hard/crtbegin.o
 .text          0x0000000000000000       0x7c /home/funtime/arm_gcc/gcc-arm-none-eabi-10.3-2021.10/bin/../lib/gcc/arm-none-eabi/10.3.1/../../../../arm-none-eabi/lib/thumb/v7e-m+fp/hard/crt0.o
 .data          0x0000000000000000        0x0 /home/funtime/arm_gcc/gcc-arm-none-eabi-10.3-2021.10/bin/../lib/gcc/arm-none-eabi/10.3.1/../../../../arm-none-eabi/lib/thumb/v7e-m+fp/hard/crt0.o
 .bss           0x0000000000000000        0x0 /home/funtime/arm_gcc/gcc-arm-none-eabi-10.3-2021.10/bin/../lib/gcc/arm-none-eabi/10.3.1/../../../../arm-none-eabi/lib/thumb/v7e-m+fp/hard/crt0.o
 .ARM.extab     0x0000000000000000        0x0 /home/funtime/arm_gcc/gcc-arm-none-eabi-10.3-2021.10/bin/../lib/gcc/arm-none-eabi/10.3.1/../../../../arm-none-eabi/lib/thumb/v7e-m+fp/hard/crt0.o
 .ARM.exidx     0x0000000000000000       0x10 /home/funtime/arm_gcc/gcc-arm-none-eabi-10.3-2021.10/bin/../lib/gcc/arm-none-eabi/10.3.1/../../../../arm-none-eabi/lib/thumb/v7e-m+fp/hard/crt0.o
 .ARM.attributes
                0x0000000000000000       0x1c /home/funtime/arm_gcc/gcc-arm-none-eabi-10.3-2021.10/bin/../lib/gcc/arm-none-eabi/10.3.1/../../../../arm-none-eabi/lib/thumb/v7e-m+fp/hard/crt0.o
 .text          0x0000000000000000        0x0 build/main.o
 .data          0x0000000000000000        0x0 build/main.o
 .bss           0x0000000000000000        0x0 build/main.o
 .text          0x0000000000000000        0x0 build/gd32f4xx_it.o
 .data          0x0000000000000000        0x0 build/gd32f4xx_it.o
 .bss           0x0000000000000000        0x0 build/gd32f4xx_it.o
 .text          0x0000000000000000        0x0 build/gd32f4xx_adc.o
 .data          0x0000000000000000        0x0 build/gd32f4xx_adc.o
 .bss           0x0000000000000000        0x0 build/gd32f4xx_adc.o
 .text.adc_deinit
                0x0000000000000000       0x14 build/gd32f4xx_adc.o
 .text.adc_clock_config
                0x0000000000000000       0x20 build/gd32f4xx_adc.o
 .text.adc_special_function_config
                0x0000000000000000       0x5a build/gd32f4xx_adc.o
 .text.adc_data_alignment_config
                0x0000000000000000       0x16 build/gd32f4xx_adc.o
 .text.adc_enable
                0x0000000000000000       0x12 build/gd32f4xx_adc.o
 .text.adc_disable
[...]
Memory Configuration

Name             Origin             Length             Attributes
RAM              0x0000000020000000 0x0000000000030000 xrw
CCMRAM           0x0000000010000000 0x0000000000010000 xrw
FLASH            0x0000000008000000 0x0000000000100000 xr
*default*        0x0000000000000000 0xffffffffffffffff

Linker script and memory map

LOAD /home/funtime/arm_gcc/gcc-arm-none-eabi-10.3-2021.10/bin/../lib/gcc/arm-none-eabi/10.3.1/thumb/v7e-m+fp/hard/crti.o
LOAD /home/funtime/arm_gcc/gcc-arm-none-eabi-10.3-2021.10/bin/../lib/gcc/arm-none-eabi/10.3.1/thumb/v7e-m+fp/hard/crtbegin.o
LOAD /home/funtime/arm_gcc/gcc-arm-none-eabi-10.3-2021.10/bin/../lib/gcc/arm-none-eabi/10.3.1/../../../../arm-none-eabi/lib/thumb/v7e-m+fp/hard/crt0.o
LOAD build/main.o
LOAD build/gd32f4xx_it.o
LOAD build/gd32f4xx_adc.o
LOAD build/gd32f4xx_can.o
LOAD build/gd32f4xx_crc.o
LOAD build/gd32f4xx_ctc.o
LOAD build/gd32f4xx_dac.o
LOAD build/gd32f4xx_dbg.o
LOAD build/gd32f4xx_dci.o
LOAD build/gd32f4xx_dma.o
LOAD build/gd32f4xx_enet.o
LOAD build/gd32f4xx_exmc.o
LOAD build/gd32f4xx_exti.o
LOAD build/gd32f4xx_fmc.o
LOAD build/gd32f4xx_fwdgt.o
LOAD build/gd32f4xx_gpio.o
LOAD build/gd32f4xx_i2c.o
LOAD build/gd32f4xx_usart.o
LOAD build/gd32f4xx_ipa.o
LOAD build/gd32f4xx_iref.o
LOAD build/gd32f4xx_misc.o
LOAD build/gd32f4xx_pmu.o
LOAD build/gd32f4xx_rcu.o
LOAD build/gd32f4xx_rtc.o
LOAD build/gd32f4xx_sdio.o
LOAD build/gd32f4xx_spi.o
LOAD build/gd32f4xx_syscfg.o
LOAD build/gd32f4xx_timer.o
LOAD build/gd32f4xx_tli.o
LOAD build/gd32f4xx_trng.o
LOAD build/gd32f4xx_wwdgt.o
LOAD build/system_gd32f4xx.o
LOAD build/systick.o
LOAD build/startup_stm32f427xx.o
LOAD /home/funtime/arm_gcc/gcc-arm-none-eabi-10.3-2021.10/bin/../lib/gcc/arm-none-eabi/10.3.1/../../../../arm-none-eabi/lib/thumb/v7e-m+fp/hard/libc_nano.a
LOAD /home/funtime/arm_gcc/gcc-arm-none-eabi-10.3-2021.10/bin/../lib/gcc/arm-none-eabi/10.3.1/../../../../arm-none-eabi/lib/thumb/v7e-m+fp/hard/libm.a
LOAD /home/funtime/arm_gcc/gcc-arm-none-eabi-10.3-2021.10/bin/../lib/gcc/arm-none-eabi/10.3.1/../../../../arm-none-eabi/lib/thumb/v7e-m+fp/hard/libnosys.a
START GROUP
LOAD /home/funtime/arm_gcc/gcc-arm-none-eabi-10.3-2021.10/bin/../lib/gcc/arm-none-eabi/10.3.1/thumb/v7e-m+fp/hard/libgcc.a
LOAD /home/funtime/arm_gcc/gcc-arm-none-eabi-10.3-2021.10/bin/../lib/gcc/arm-none-eabi/10.3.1/../../../../arm-none-eabi/lib/thumb/v7e-m+fp/hard/libc_nano.a
END GROUP
START GROUP
LOAD /home/funtime/arm_gcc/gcc-arm-none-eabi-10.3-2021.10/bin/../lib/gcc/arm-none-eabi/10.3.1/thumb/v7e-m+fp/hard/libgcc.a
LOAD /home/funtime/arm_gcc/gcc-arm-none-eabi-10.3-2021.10/bin/../lib/gcc/arm-none-eabi/10.3.1/../../../../arm-none-eabi/lib/thumb/v7e-m+fp/hard/libc_nano.a
END GROUP
LOAD /home/funtime/arm_gcc/gcc-arm-none-eabi-10.3-2021.10/bin/../lib/gcc/arm-none-eabi/10.3.1/thumb/v7e-m+fp/hard/crtend.o
LOAD /home/funtime/arm_gcc/gcc-arm-none-eabi-10.3-2021.10/bin/../lib/gcc/arm-none-eabi/10.3.1/thumb/v7e-m+fp/hard/crtn.o
                0x0000000020030000                _estack = (ORIGIN (RAM) + LENGTH (RAM))
                0x0000000000000200                _Min_Heap_Size = 0x200
                0x0000000000000400                _Min_Stack_Size = 0x400

.isr_vector     0x0000000008000000      0x1ac
                0x0000000008000000                . = ALIGN (0x4)
 *(.isr_vector)
 .isr_vector    0x0000000008000000      0x1ac build/startup_stm32f427xx.o
                0x0000000008000000                g_pfnVectors
                0x00000000080001ac                . = ALIGN (0x4)

.text           0x00000000080001ac      0x31c
                0x00000000080001ac                . = ALIGN (0x4)
 *(.text)
 .text          0x00000000080001ac       0x40 /home/funtime/arm_gcc/gcc-arm-none-eabi-10.3-2021.10/bin/../lib/gcc/arm-none-eabi/10.3.1/thumb/v7e-m+fp/hard/crtbegin.o
 *(.text*)
 .text.main     0x00000000080001ec        0xa build/main.o
                0x00000000080001ec                main
 .text.NMI_Handler
                0x00000000080001f6        0x2 build/gd32f4xx_it.o
                0x00000000080001f6                NMI_Handler
 .text.HardFault_Handler
                0x00000000080001f8        0x2 build/gd32f4xx_it.o
                0x00000000080001f8                HardFault_Handler
 .text.MemManage_Handler
                0x00000000080001fa        0x2 build/gd32f4xx_it.o
                0x00000000080001fa                MemManage_Handler
 .text.BusFault_Handler
                0x00000000080001fc        0x2 build/gd32f4xx_it.o
                0x00000000080001fc                BusFault_Handler
 .text.UsageFault_Handler
                0x00000000080001fe        0x2 build/gd32f4xx_it.o
                0x00000000080001fe                UsageFault_Handler
 .text.SVC_Handler
                0x0000000008000200        0x2 build/gd32f4xx_it.o
                0x0000000008000200                SVC_Handler
 .text.DebugMon_Handler
                0x0000000008000202        0x2 build/gd32f4xx_it.o
                0x0000000008000202                DebugMon_Handler
 .text.PendSV_Handler
                0x0000000008000204        0x2 build/gd32f4xx_it.o
                0x0000000008000204                PendSV_Handler
 .text.SysTick_Handler
                0x0000000008000206        0x8 build/gd32f4xx_it.o
                0x0000000008000206                SysTick_Handler
 *fill*         0x000000000800020e        0x2 
 .text.system_clock_200m_25m_hxtal
                0x0000000008000210       0xe8 build/system_gd32f4xx.o
 .text.system_clock_config
                0x00000000080002f8        0x8 build/system_gd32f4xx.o
 .text.SystemInit
                0x0000000008000300       0xc0 build/system_gd32f4xx.o
                0x0000000008000300                SystemInit
 .text.systick_config
                0x00000000080003c0       0x40 build/systick.o
                0x00000000080003c0                systick_config
 .text.delay_decrement
                0x0000000008000400       0x14 build/systick.o
                0x0000000008000400                delay_decrement
 .text.Reset_Handler
                0x0000000008000414       0x50 build/startup_stm32f427xx.o
                0x0000000008000414                Reset_Handler
 .text.Default_Handler
                0x0000000008000464        0x2 build/startup_stm32f427xx.o
                0x0000000008000464                RTC_Alarm_IRQHandler
                0x0000000008000464                HASH_RNG_IRQHandler
                0x0000000008000464                EXTI2_IRQHandler
                0x0000000008000464                TIM8_CC_IRQHandler
                0x0000000008000464                UART8_IRQHandler
                0x0000000008000464                SPI4_IRQHandler
                0x0000000008000464                TIM1_CC_IRQHandler
                0x0000000008000464                DMA2_Stream5_IRQHandler
                0x0000000008000464                DMA1_Stream5_IRQHandler
                0x0000000008000464                PVD_IRQHandler
                0x0000000008000464                SDIO_IRQHandler
                0x0000000008000464                TAMP_STAMP_IRQHandler
                0x0000000008000464                CAN2_RX1_IRQHandler
                0x0000000008000464                EXTI3_IRQHandler
                0x0000000008000464                TIM8_TRG_COM_TIM14_IRQHandler
                0x0000000008000464                TIM1_UP_TIM10_IRQHandler
                0x0000000008000464                TIM8_UP_TIM13_IRQHandler
                0x0000000008000464                I2C3_ER_IRQHandler
                0x0000000008000464                EXTI0_IRQHandler
                0x0000000008000464                I2C2_EV_IRQHandler
                0x0000000008000464                DMA1_Stream2_IRQHandler
                0x0000000008000464                CAN1_RX0_IRQHandler
                0x0000000008000464                FPU_IRQHandler
                0x0000000008000464                OTG_HS_WKUP_IRQHandler
                0x0000000008000464                CAN2_SCE_IRQHandler
                0x0000000008000464                DMA2_Stream2_IRQHandler
                0x0000000008000464                SPI1_IRQHandler
                0x0000000008000464                TIM6_DAC_IRQHandler
                0x0000000008000464                TIM1_BRK_TIM9_IRQHandler
                0x0000000008000464                DCMI_IRQHandler
                0x0000000008000464                CAN2_RX0_IRQHandler
                0x0000000008000464                DMA2_Stream3_IRQHandler
                0x0000000008000464                USART6_IRQHandler
                0x0000000008000464                USART3_IRQHandler
                0x0000000008000464                CAN1_RX1_IRQHandler
                0x0000000008000464                UART5_IRQHandler
                0x0000000008000464                DMA2_Stream0_IRQHandler
                0x0000000008000464                TIM4_IRQHandler
                0x0000000008000464                I2C1_EV_IRQHandler
                0x0000000008000464                DMA1_Stream6_IRQHandler
                0x0000000008000464                DMA1_Stream1_IRQHandler
                0x0000000008000464                UART4_IRQHandler
                0x0000000008000464                TIM3_IRQHandler
                0x0000000008000464                RCC_IRQHandler
                0x0000000008000464                TIM8_BRK_TIM12_IRQHandler
                0x0000000008000464                Default_Handler
                0x0000000008000464                EXTI15_10_IRQHandler
                0x0000000008000464                ADC_IRQHandler
                0x0000000008000464                DMA1_Stream7_IRQHandler
                0x0000000008000464                SPI5_IRQHandler
                0x0000000008000464                TIM7_IRQHandler
                0x0000000008000464                CAN2_TX_IRQHandler
                0x0000000008000464                TIM5_IRQHandler
                0x0000000008000464                DMA2_Stream7_IRQHandler
                0x0000000008000464                I2C3_EV_IRQHandler
                0x0000000008000464                EXTI9_5_IRQHandler
                0x0000000008000464                RTC_WKUP_IRQHandler
                0x0000000008000464                ETH_WKUP_IRQHandler
                0x0000000008000464                SPI2_IRQHandler
                0x0000000008000464                OTG_HS_EP1_IN_IRQHandler
                0x0000000008000464                DMA1_Stream0_IRQHandler
                0x0000000008000464                CAN1_TX_IRQHandler
                0x0000000008000464                EXTI4_IRQHandler
                0x0000000008000464                ETH_IRQHandler
                0x0000000008000464                OTG_HS_EP1_OUT_IRQHandler
                0x0000000008000464                WWDG_IRQHandler
                0x0000000008000464                SPI6_IRQHandler
                0x0000000008000464                TIM2_IRQHandler
                0x0000000008000464                OTG_FS_WKUP_IRQHandler
                0x0000000008000464                TIM1_TRG_COM_TIM11_IRQHandler
                0x0000000008000464                OTG_HS_IRQHandler
                0x0000000008000464                DMA2D_IRQHandler
                0x0000000008000464                EXTI1_IRQHandler
                0x0000000008000464                UART7_IRQHandler
                0x0000000008000464                USART2_IRQHandler
                0x0000000008000464                I2C2_ER_IRQHandler
                0x0000000008000464                DMA2_Stream1_IRQHandler
                0x0000000008000464                CAN1_SCE_IRQHandler
                0x0000000008000464                FLASH_IRQHandler
                0x0000000008000464                DMA2_Stream4_IRQHandler
                0x0000000008000464                USART1_IRQHandler
                0x0000000008000464                OTG_FS_IRQHandler
                0x0000000008000464                SPI3_IRQHandler
                0x0000000008000464                DMA1_Stream4_IRQHandler
                0x0000000008000464                I2C1_ER_IRQHandler
                0x0000000008000464                FMC_IRQHandler
                0x0000000008000464                DMA2_Stream6_IRQHandler
                0x0000000008000464                SAI1_IRQHandler
                0x0000000008000464                DMA1_Stream3_IRQHandler
 *fill*         0x0000000008000466        0x2 
 .text.__libc_init_array
                0x0000000008000468       0x48 /home/funtime/arm_gcc/gcc-arm-none-eabi-10.3-2021.10/bin/../lib/gcc/arm-none-eabi/10.3.1/../../../../arm-none-eabi/lib/thumb/v7e-m+fp/hard/libc_nano.a(lib_a-init.o)
                0x0000000008000468                __libc_init_array
 *(.glue_7)
 .glue_7        0x00000000080004b0        0x0 linker stubs
 *(.glue_7t)
 .glue_7t       0x00000000080004b0        0x0 linker stubs
 *(.eh_frame)
 .eh_frame      0x00000000080004b0        0x0 /home/funtime/arm_gcc/gcc-arm-none-eabi-10.3-2021.10/bin/../lib/gcc/arm-none-eabi/10.3.1/thumb/v7e-m+fp/hard/crtbegin.o
 *(.init)
 .init          0x00000000080004b0        0x4 /home/funtime/arm_gcc/gcc-arm-none-eabi-10.3-2021.10/bin/../lib/gcc/arm-none-eabi/10.3.1/thumb/v7e-m+fp/hard/crti.o
                0x00000000080004b0                _init
 .init          0x00000000080004b4        0x8 /home/funtime/arm_gcc/gcc-arm-none-eabi-10.3-2021.10/bin/../lib/gcc/arm-none-eabi/10.3.1/thumb/v7e-m+fp/hard/crtn.o
 *(.fini)
 .fini          0x00000000080004bc        0x4 /home/funtime/arm_gcc/gcc-arm-none-eabi-10.3-2021.10/bin/../lib/gcc/arm-none-eabi/10.3.1/thumb/v7e-m+fp/hard/crti.o
                0x00000000080004bc                _fini
 .fini          0x00000000080004c0        0x8 /home/funtime/arm_gcc/gcc-arm-none-eabi-10.3-2021.10/bin/../lib/gcc/arm-none-eabi/10.3.1/thumb/v7e-m+fp/hard/crtn.o
                0x00000000080004c8                . = ALIGN (0x4)
                0x00000000080004c8                _etext = .

.vfp11_veneer   0x00000000080004c8        0x0
 .vfp11_veneer  0x00000000080004c8        0x0 linker stubs

.v4_bx          0x00000000080004c8        0x0
 .v4_bx         0x00000000080004c8        0x0 linker stubs

.iplt           0x00000000080004c8        0x0
 .iplt          0x00000000080004c8        0x0 /home/funtime/arm_gcc/gcc-arm-none-eabi-10.3-2021.10/bin/../lib/gcc/arm-none-eabi/10.3.1/thumb/v7e-m+fp/hard/crtbegin.o

.rel.dyn        0x00000000080004c8        0x0
 .rel.iplt      0x00000000080004c8        0x0 /home/funtime/arm_gcc/gcc-arm-none-eabi-10.3-2021.10/bin/../lib/gcc/arm-none-eabi/10.3.1/thumb/v7e-m+fp/hard/crtbegin.o

.rodata         0x00000000080004c8        0x0
                0x00000000080004c8                . = ALIGN (0x4)
 *(.rodata)
 *(.rodata*)
                0x00000000080004c8                . = ALIGN (0x4)

.ARM.extab
 *(.ARM.extab* .gnu.linkonce.armextab.*)

.ARM            0x00000000080004c8        0x0
                0x00000000080004c8                __exidx_start = .
 *(.ARM.exidx*)
                0x00000000080004c8                __exidx_end = .

.preinit_array  0x00000000080004c8        0x0
                0x00000000080004c8                PROVIDE (__preinit_array_start = .)
 *(.preinit_array*)
                0x00000000080004c8                PROVIDE (__preinit_array_end = .)

.init_array     0x00000000080004c8        0x4
                0x00000000080004c8                PROVIDE (__init_array_start = .)
 *(SORT_BY_NAME(.init_array.*))
 *(.init_array*)
 .init_array    0x00000000080004c8        0x4 /home/funtime/arm_gcc/gcc-arm-none-eabi-10.3-2021.10/bin/../lib/gcc/arm-none-eabi/10.3.1/thumb/v7e-m+fp/hard/crtbegin.o
                0x00000000080004cc                PROVIDE (__init_array_end = .)

.fini_array     0x00000000080004cc        0x4
                [!provide]                        PROVIDE (__fini_array_start = .)
 *(SORT_BY_NAME(.fini_array.*))
 *(.fini_array*)
 .fini_array    0x00000000080004cc        0x4 /home/funtime/arm_gcc/gcc-arm-none-eabi-10.3-2021.10/bin/../lib/gcc/arm-none-eabi/10.3.1/thumb/v7e-m+fp/hard/crtbegin.o
                [!provide]                        PROVIDE (__fini_array_end = .)
                0x00000000080004d0                _sidata = LOADADDR (.data)

.data           0x0000000020000000        0x4 load address 0x00000000080004d0
                0x0000000020000000                . = ALIGN (0x4)
                0x0000000020000000                _sdata = .
 *(.data)
 *(.data*)
 .data.SystemCoreClock
                0x0000000020000000        0x4 build/system_gd32f4xx.o
                0x0000000020000000                SystemCoreClock
                0x0000000020000004                . = ALIGN (0x4)
                0x0000000020000004                _edata = .
                0x00000000080004d4                _siccmram = LOADADDR (.ccmram)

.igot.plt       0x0000000020000004        0x0 load address 0x00000000080004d4
 .igot.plt      0x0000000020000004        0x0 /home/funtime/arm_gcc/gcc-arm-none-eabi-10.3-2021.10/bin/../lib/gcc/arm-none-eabi/10.3.1/thumb/v7e-m+fp/hard/crtbegin.o

.ccmram         0x0000000010000000        0x0 load address 0x00000000080004d4
                0x0000000010000000                . = ALIGN (0x4)
                0x0000000010000000                _sccmram = .
 *(.ccmram)
 *(.ccmram*)
                0x0000000010000000                . = ALIGN (0x4)
                0x0000000010000000                _eccmram = .
                0x0000000010000000                . = ALIGN (0x4)

.bss            0x0000000020000004       0x20
                0x0000000020000004                _sbss = .
                0x0000000020000004                __bss_start__ = _sbss
 *(.bss)
 .bss           0x0000000020000004       0x1c /home/funtime/arm_gcc/gcc-arm-none-eabi-10.3-2021.10/bin/../lib/gcc/arm-none-eabi/10.3.1/thumb/v7e-m+fp/hard/crtbegin.o
 *(.bss*)
 .bss.delay     0x0000000020000020        0x4 build/systick.o
 *(COMMON)
                0x0000000020000024                . = ALIGN (0x4)
                0x0000000020000024                _ebss = .
                0x0000000020000024                __bss_end__ = _ebss

._user_heap_stack
                0x0000000020000024      0x604
                0x0000000020000028                . = ALIGN (0x8)
 *fill*         0x0000000020000024        0x4 
                [!provide]                        PROVIDE (end = .)
                [!provide]                        PROVIDE (_end = .)
                0x0000000020000228                . = (. + _Min_Heap_Size)
 *fill*         0x0000000020000028      0x200 
                0x0000000020000628                . = (. + _Min_Stack_Size)
 *fill*         0x0000000020000228      0x400 
                0x0000000020000628                . = ALIGN (0x8)

/DISCARD/
 libc.a(*)
 libm.a(*)
 libgcc.a(*)

.ARM.attributes
                0x0000000000000000       0x30
 *(.ARM.attributes)
 .ARM.attributes
                0x0000000000000000       0x1e /home/funtime/arm_gcc/gcc-arm-none-eabi-10.3-2021.10/bin/../lib/gcc/arm-none-eabi/10.3.1/thumb/v7e-m+fp/hard/crti.o
 .ARM.attributes
                0x000000000000001e       0x34 /home/funtime/arm_gcc/gcc-arm-none-eabi-10.3-2021.10/bin/../lib/gcc/arm-none-eabi/10.3.1/thumb/v7e-m+fp/hard/crtbegin.o
 .ARM.attributes
                0x0000000000000052       0x34 build/main.o
 .ARM.attributes
                0x0000000000000086       0x34 build/gd32f4xx_it.o
 .ARM.attributes
                0x00000000000000ba       0x34 build/system_gd32f4xx.o
 .ARM.attributes
                0x00000000000000ee       0x34 build/systick.o
 .ARM.attributes
                0x0000000000000122       0x21 build/startup_stm32f427xx.o
 .ARM.attributes
                0x0000000000000143       0x34 /home/funtime/arm_gcc/gcc-arm-none-eabi-10.3-2021.10/bin/../lib/gcc/arm-none-eabi/10.3.1/../../../../arm-none-eabi/lib/thumb/v7e-m+fp/hard/libc_nano.a(lib_a-init.o)
 .ARM.attributes
                0x0000000000000177       0x1e /home/funtime/arm_gcc/gcc-arm-none-eabi-10.3-2021.10/bin/../lib/gcc/arm-none-eabi/10.3.1/thumb/v7e-m+fp/hard/crtn.o
OUTPUT(build/balance_car.elf elf32-littlearm)
LOAD linker stubs
LOAD /home/funtime/arm_gcc/gcc-arm-none-eabi-10.3-2021.10/bin/../lib/gcc/arm-none-eabi/10.3.1/../../../../arm-none-eabi/lib/thumb/v7e-m+fp/hard/libc.a
LOAD /home/funtime/arm_gcc/gcc-arm-none-eabi-10.3-2021.10/bin/../lib/gcc/arm-none-eabi/10.3.1/../../../../arm-none-eabi/lib/thumb/v7e-m+fp/hard/libm.a
LOAD /home/funtime/arm_gcc/gcc-arm-none-eabi-10.3-2021.10/bin/../lib/gcc/arm-none-eabi/10.3.1/thumb/v7e-m+fp/hard/libgcc.a

.debug_info     0x0000000000000000      0xf19
 .debug_info    0x0000000000000000       0xb5 build/main.o
 .debug_info    0x00000000000000b5      0x161 build/gd32f4xx_it.o
 .debug_info    0x0000000000000216      0x49e build/system_gd32f4xx.o
 .debug_info    0x00000000000006b4      0x843 build/systick.o
 .debug_info    0x0000000000000ef7       0x22 build/startup_stm32f427xx.o

.debug_abbrev   0x0000000000000000      0x46b
 .debug_abbrev  0x0000000000000000       0x69 build/main.o
 .debug_abbrev  0x0000000000000069       0x81 build/gd32f4xx_it.o
 .debug_abbrev  0x00000000000000ea      0x1a5 build/system_gd32f4xx.o
 .debug_abbrev  0x000000000000028f      0x1ca build/systick.o
 .debug_abbrev  0x0000000000000459       0x12 build/startup_stm32f427xx.o

.debug_loc      0x0000000000000000      0x2b0
 .debug_loc     0x0000000000000000       0x20 build/main.o
 .debug_loc     0x0000000000000020       0x20 build/gd32f4xx_it.o
 .debug_loc     0x0000000000000040      0x1e0 build/system_gd32f4xx.o
 .debug_loc     0x0000000000000220       0x90 build/systick.o

.debug_aranges  0x0000000000000000      0x110
 .debug_aranges
                0x0000000000000000       0x20 build/main.o
 .debug_aranges
                0x0000000000000020       0x60 build/gd32f4xx_it.o
 .debug_aranges
                0x0000000000000080       0x38 build/system_gd32f4xx.o
 .debug_aranges
                0x00000000000000b8       0x30 build/systick.o
 .debug_aranges
                0x00000000000000e8       0x28 build/startup_stm32f427xx.o

.debug_ranges   0x0000000000000000       0xc8
 .debug_ranges  0x0000000000000000       0x10 build/main.o
 .debug_ranges  0x0000000000000010       0x50 build/gd32f4xx_it.o
 .debug_ranges  0x0000000000000060       0x28 build/system_gd32f4xx.o
 .debug_ranges  0x0000000000000088       0x20 build/systick.o
 .debug_ranges  0x00000000000000a8       0x20 build/startup_stm32f427xx.o

.debug_line     0x0000000000000000      0x942
 .debug_line    0x0000000000000000       0x5e build/main.o
 .debug_line    0x000000000000005e      0x144 build/gd32f4xx_it.o
 .debug_line    0x00000000000001a2      0x4b9 build/system_gd32f4xx.o
 .debug_line    0x000000000000065b      0x271 build/systick.o
 .debug_line    0x00000000000008cc       0x76 build/startup_stm32f427xx.o

.debug_str      0x0000000000000000      0xa07
 .debug_str     0x0000000000000000      0x158 build/main.o
                                        0x191 (size before relaxing)
 .debug_str     0x0000000000000158       0xb7 build/gd32f4xx_it.o
                                        0x224 (size before relaxing)
 .debug_str     0x000000000000020f      0x178 build/system_gd32f4xx.o
                                        0x307 (size before relaxing)
 .debug_str     0x0000000000000387      0x65c build/systick.o
                                        0x8da (size before relaxing)
 .debug_str     0x00000000000009e3       0x24 build/startup_stm32f427xx.o
                                         0x57 (size before relaxing)

.comment        0x0000000000000000       0x49
 .comment       0x0000000000000000       0x49 build/main.o
                                         0x4a (size before relaxing)
 .comment       0x0000000000000049       0x4a build/gd32f4xx_it.o
 .comment       0x0000000000000049       0x4a build/system_gd32f4xx.o
 .comment       0x0000000000000049       0x4a build/systick.o

.debug_frame    0x0000000000000000      0x1ac
 .debug_frame   0x0000000000000000       0x28 build/main.o
 .debug_frame   0x0000000000000028       0xa8 build/gd32f4xx_it.o
 .debug_frame   0x00000000000000d0       0x70 build/system_gd32f4xx.o
 .debug_frame   0x0000000000000140       0x40 build/systick.o
 .debug_frame   0x0000000000000180       0x2c /home/funtime/arm_gcc/gcc-arm-none-eabi-10.3-2021.10/bin/../lib/gcc/arm-none-eabi/10.3.1/../../../../arm-none-eabi/lib/thumb/v7e-m+fp/hard/libc_nano.a(lib_a-init.o)

Cross Reference Table

Symbol                                            File
ADC_IRQHandler                                    build/startup_stm32f427xx.o
BusFault_Handler                                  build/gd32f4xx_it.o
CAN1_RX0_IRQHandler                               build/startup_stm32f427xx.o
CAN1_RX1_IRQHandler                               build/startup_stm32f427xx.o
CAN1_SCE_IRQHandler                               build/startup_stm32f427xx.o
CAN1_TX_IRQHandler                                build/startup_stm32f427xx.o
CAN2_RX0_IRQHandler                               build/startup_stm32f427xx.o
CAN2_RX1_IRQHandler                               build/startup_stm32f427xx.o
CAN2_SCE_IRQHandler                               build/startup_stm32f427xx.o
CAN2_TX_IRQHandler                                build/startup_stm32f427xx.o
DCMI_IRQHandler                                   build/startup_stm32f427xx.o
DMA1_Stream0_IRQHandler                           build/startup_stm32f427xx.o
DMA1_Stream1_IRQHandler                           build/startup_stm32f427xx.o
DMA1_Stream2_IRQHandler                           build/startup_stm32f427xx.o
DMA1_Stream3_IRQHandler                           build/startup_stm32f427xx.o
DMA1_Stream4_IRQHandler                           build/startup_stm32f427xx.o
DMA1_Stream5_IRQHandler                           build/startup_stm32f427xx.o
DMA1_Stream6_IRQHandler                           build/startup_stm32f427xx.o
DMA1_Stream7_IRQHandler                           build/startup_stm32f427xx.o
DMA2D_IRQHandler                                  build/startup_stm32f427xx.o
DMA2_Stream0_IRQHandler                           build/startup_stm32f427xx.o
DMA2_Stream1_IRQHandler                           build/startup_stm32f427xx.o
DMA2_Stream2_IRQHandler                           build/startup_stm32f427xx.o
DMA2_Stream3_IRQHandler                           build/startup_stm32f427xx.o
DMA2_Stream4_IRQHandler                           build/startup_stm32f427xx.o
DMA2_Stream5_IRQHandler                           build/startup_stm32f427xx.o
DMA2_Stream6_IRQHandler                           build/startup_stm32f427xx.o
DMA2_Stream7_IRQHandler                           build/startup_stm32f427xx.o
DebugMon_Handler                                  build/gd32f4xx_it.o
Default_Handler                                   build/startup_stm32f427xx.o
ETH_IRQHandler                                    build/startup_stm32f427xx.o
ETH_WKUP_IRQHandler                               build/startup_stm32f427xx.o
EXTI0_IRQHandler                                  build/startup_stm32f427xx.o
EXTI15_10_IRQHandler                              build/startup_stm32f427xx.o
EXTI1_IRQHandler                                  build/startup_stm32f427xx.o
EXTI2_IRQHandler                                  build/startup_stm32f427xx.o
EXTI3_IRQHandler                                  build/startup_stm32f427xx.o
EXTI4_IRQHandler                                  build/startup_stm32f427xx.o
EXTI9_5_IRQHandler                                build/startup_stm32f427xx.o
FLASH_IRQHandler                                  build/startup_stm32f427xx.o
FMC_IRQHandler                                    build/startup_stm32f427xx.o
FPU_IRQHandler                                    build/startup_stm32f427xx.o
HASH_RNG_IRQHandler                               build/startup_stm32f427xx.o
HardFault_Handler                                 build/gd32f4xx_it.o
I2C1_ER_IRQHandler                                build/startup_stm32f427xx.o
I2C1_EV_IRQHandler                                build/startup_stm32f427xx.o
I2C2_ER_IRQHandler                                build/startup_stm32f427xx.o
I2C2_EV_IRQHandler                                build/startup_stm32f427xx.o
I2C3_ER_IRQHandler                                build/startup_stm32f427xx.o
I2C3_EV_IRQHandler                                build/startup_stm32f427xx.o
MemManage_Handler                                 build/gd32f4xx_it.o
NMI_Handler                                       build/gd32f4xx_it.o
OTG_FS_IRQHandler                                 build/startup_stm32f427xx.o
OTG_FS_WKUP_IRQHandler                            build/startup_stm32f427xx.o
OTG_HS_EP1_IN_IRQHandler                          build/startup_stm32f427xx.o
OTG_HS_EP1_OUT_IRQHandler                         build/startup_stm32f427xx.o
OTG_HS_IRQHandler                                 build/startup_stm32f427xx.o
OTG_HS_WKUP_IRQHandler                            build/startup_stm32f427xx.o
PVD_IRQHandler                                    build/startup_stm32f427xx.o
PendSV_Handler                                    build/gd32f4xx_it.o
RCC_IRQHandler                                    build/startup_stm32f427xx.o
RTC_Alarm_IRQHandler                              build/startup_stm32f427xx.o
RTC_WKUP_IRQHandler                               build/startup_stm32f427xx.o
Reset_Handler                                     build/startup_stm32f427xx.o
SAI1_IRQHandler                                   build/startup_stm32f427xx.o
SDIO_IRQHandler                                   build/startup_stm32f427xx.o
SPI1_IRQHandler                                   build/startup_stm32f427xx.o
SPI2_IRQHandler                                   build/startup_stm32f427xx.o
SPI3_IRQHandler                                   build/startup_stm32f427xx.o
SPI4_IRQHandler                                   build/startup_stm32f427xx.o
SPI5_IRQHandler                                   build/startup_stm32f427xx.o
SPI6_IRQHandler                                   build/startup_stm32f427xx.o
SVC_Handler                                       build/gd32f4xx_it.o
SysTick_Handler                                   build/gd32f4xx_it.o
SystemCoreClock                                   build/system_gd32f4xx.o
                                                  build/systick.o
SystemCoreClockUpdate                             build/system_gd32f4xx.o
SystemInit                                        build/system_gd32f4xx.o
                                                  build/startup_stm32f427xx.o
TAMP_STAMP_IRQHandler                             build/startup_stm32f427xx.o
TIM1_BRK_TIM9_IRQHandler                          build/startup_stm32f427xx.o
TIM1_CC_IRQHandler                                build/startup_stm32f427xx.o
TIM1_TRG_COM_TIM11_IRQHandler                     build/startup_stm32f427xx.o
TIM1_UP_TIM10_IRQHandler                          build/startup_stm32f427xx.o
TIM2_IRQHandler                                   build/startup_stm32f427xx.o
TIM3_IRQHandler                                   build/startup_stm32f427xx.o
TIM4_IRQHandler                                   build/startup_stm32f427xx.o
TIM5_IRQHandler                                   build/startup_stm32f427xx.o
TIM6_DAC_IRQHandler                               build/startup_stm32f427xx.o
TIM7_IRQHandler                                   build/startup_stm32f427xx.o
TIM8_BRK_TIM12_IRQHandler                         build/startup_stm32f427xx.o
TIM8_CC_IRQHandler                                build/startup_stm32f427xx.o
TIM8_TRG_COM_TIM14_IRQHandler                     build/startup_stm32f427xx.o
TIM8_UP_TIM13_IRQHandler                          build/startup_stm32f427xx.o
UART4_IRQHandler                                  build/startup_stm32f427xx.o
UART5_IRQHandler                                  build/startup_stm32f427xx.o
UART7_IRQHandler                                  build/startup_stm32f427xx.o
UART8_IRQHandler                                  build/startup_stm32f427xx.o
USART1_IRQHandler                                 build/startup_stm32f427xx.o
USART2_IRQHandler                                 build/startup_stm32f427xx.o
USART3_IRQHandler                                 build/startup_stm32f427xx.o
USART6_IRQHandler                                 build/startup_stm32f427xx.o
UsageFault_Handler                                build/gd32f4xx_it.o
WWDG_IRQHandler                                   build/startup_stm32f427xx.o
__bss_end__                                       /home/funtime/arm_gcc/gcc-arm-none-eabi-10.3-2021.10/bin/../lib/gcc/arm-none-eabi/10.3.1/../../../../arm-none-eabi/lib/thumb/v7e-m+fp/hard/crt0.o
__bss_start__                                     /home/funtime/arm_gcc/gcc-arm-none-eabi-10.3-2021.10/bin/../lib/gcc/arm-none-eabi/10.3.1/../../../../arm-none-eabi/lib/thumb/v7e-m+fp/hard/crt0.o
__call_exitprocs                                  /home/funtime/arm_gcc/gcc-arm-none-eabi-10.3-2021.10/bin/../lib/gcc/arm-none-eabi/10.3.1/../../../../arm-none-eabi/lib/thumb/v7e-m+fp/hard/libc_nano.a(lib_a-exit.o)
__deregister_frame_info                           /home/funtime/arm_gcc/gcc-arm-none-eabi-10.3-2021.10/bin/../lib/gcc/arm-none-eabi/10.3.1/thumb/v7e-m+fp/hard/crtbegin.o
__dso_handle                                      /home/funtime/arm_gcc/gcc-arm-none-eabi-10.3-2021.10/bin/../lib/gcc/arm-none-eabi/10.3.1/thumb/v7e-m+fp/hard/crtbegin.o
__init_array_end                                  /home/funtime/arm_gcc/gcc-arm-none-eabi-10.3-2021.10/bin/../lib/gcc/arm-none-eabi/10.3.1/../../../../arm-none-eabi/lib/thumb/v7e-m+fp/hard/libc_nano.a(lib_a-init.o)
__init_array_start                                /home/funtime/arm_gcc/gcc-arm-none-eabi-10.3-2021.10/bin/../lib/gcc/arm-none-eabi/10.3.1/../../../../arm-none-eabi/lib/thumb/v7e-m+fp/hard/libc_nano.a(lib_a-init.o)
__libc_fini_array                                 /home/funtime/arm_gcc/gcc-arm-none-eabi-10.3-2021.10/bin/../lib/gcc/arm-none-eabi/10.3.1/../../../../arm-none-eabi/lib/thumb/v7e-m+fp/hard/crt0.o
__libc_init_array                                 /home/funtime/arm_gcc/gcc-arm-none-eabi-10.3-2021.10/bin/../lib/gcc/arm-none-eabi/10.3.1/../../../../arm-none-eabi/lib/thumb/v7e-m+fp/hard/libc_nano.a(lib_a-init.o)
                                                  build/startup_stm32f427xx.o
                                                  /home/funtime/arm_gcc/gcc-arm-none-eabi-10.3-2021.10/bin/../lib/gcc/arm-none-eabi/10.3.1/../../../../arm-none-eabi/lib/thumb/v7e-m+fp/hard/crt0.o
__preinit_array_end                               /home/funtime/arm_gcc/gcc-arm-none-eabi-10.3-2021.10/bin/../lib/gcc/arm-none-eabi/10.3.1/../../../../arm-none-eabi/lib/thumb/v7e-m+fp/hard/libc_nano.a(lib_a-init.o)
__preinit_array_start                             /home/funtime/arm_gcc/gcc-arm-none-eabi-10.3-2021.10/bin/../lib/gcc/arm-none-eabi/10.3.1/../../../../arm-none-eabi/lib/thumb/v7e-m+fp/hard/libc_nano.a(lib_a-init.o)
__register_frame_info                             /home/funtime/arm_gcc/gcc-arm-none-eabi-10.3-2021.10/bin/../lib/gcc/arm-none-eabi/10.3.1/thumb/v7e-m+fp/hard/crtbegin.o
__sf_fake_stderr                                  /home/funtime/arm_gcc/gcc-arm-none-eabi-10.3-2021.10/bin/../lib/gcc/arm-none-eabi/10.3.1/../../../../arm-none-eabi/lib/thumb/v7e-m+fp/hard/libc_nano.a(lib_a-impure.o)
__sf_fake_stdin                                   /home/funtime/arm_gcc/gcc-arm-none-eabi-10.3-2021.10/bin/../lib/gcc/arm-none-eabi/10.3.1/../../../../arm-none-eabi/lib/thumb/v7e-m+fp/hard/libc_nano.a(lib_a-impure.o)
__sf_fake_stdout                                  /home/funtime/arm_gcc/gcc-arm-none-eabi-10.3-2021.10/bin/../lib/gcc/arm-none-eabi/10.3.1/../../../../arm-none-eabi/lib/thumb/v7e-m+fp/hard/libc_nano.a(lib_a-impure.o)
__stack                                           /home/funtime/arm_gcc/gcc-arm-none-eabi-10.3-2021.10/bin/../lib/gcc/arm-none-eabi/10.3.1/../../../../arm-none-eabi/lib/thumb/v7e-m+fp/hard/crt0.o
_ebss                                             build/startup_stm32f427xx.o
_edata                                            build/startup_stm32f427xx.o
_estack                                           build/startup_stm32f427xx.o
_exit                                             /home/funtime/arm_gcc/gcc-arm-none-eabi-10.3-2021.10/bin/../lib/gcc/arm-none-eabi/10.3.1/../../../../arm-none-eabi/lib/thumb/v7e-m+fp/hard/libnosys.a(_exit.o)
                                                  /home/funtime/arm_gcc/gcc-arm-none-eabi-10.3-2021.10/bin/../lib/gcc/arm-none-eabi/10.3.1/../../../../arm-none-eabi/lib/thumb/v7e-m+fp/hard/libc_nano.a(lib_a-exit.o)
_fini                                             /home/funtime/arm_gcc/gcc-arm-none-eabi-10.3-2021.10/bin/../lib/gcc/arm-none-eabi/10.3.1/thumb/v7e-m+fp/hard/crti.o
_global_impure_ptr                                /home/funtime/arm_gcc/gcc-arm-none-eabi-10.3-2021.10/bin/../lib/gcc/arm-none-eabi/10.3.1/../../../../arm-none-eabi/lib/thumb/v7e-m+fp/hard/libc_nano.a(lib_a-impure.o)
                                                  /home/funtime/arm_gcc/gcc-arm-none-eabi-10.3-2021.10/bin/../lib/gcc/arm-none-eabi/10.3.1/../../../../arm-none-eabi/lib/thumb/v7e-m+fp/hard/libc_nano.a(lib_a-exit.o)
_impure_ptr                                       /home/funtime/arm_gcc/gcc-arm-none-eabi-10.3-2021.10/bin/../lib/gcc/arm-none-eabi/10.3.1/../../../../arm-none-eabi/lib/thumb/v7e-m+fp/hard/libc_nano.a(lib_a-impure.o)
_init                                             /home/funtime/arm_gcc/gcc-arm-none-eabi-10.3-2021.10/bin/../lib/gcc/arm-none-eabi/10.3.1/thumb/v7e-m+fp/hard/crti.o
                                                  /home/funtime/arm_gcc/gcc-arm-none-eabi-10.3-2021.10/bin/../lib/gcc/arm-none-eabi/10.3.1/../../../../arm-none-eabi/lib/thumb/v7e-m+fp/hard/libc_nano.a(lib_a-init.o)
_mainCRTStartup                                   /home/funtime/arm_gcc/gcc-arm-none-eabi-10.3-2021.10/bin/../lib/gcc/arm-none-eabi/10.3.1/../../../../arm-none-eabi/lib/thumb/v7e-m+fp/hard/crt0.o
_sbss                                             build/startup_stm32f427xx.o
_sdata                                            build/startup_stm32f427xx.o
_sidata                                           build/startup_stm32f427xx.o
_stack_init                                       /home/funtime/arm_gcc/gcc-arm-none-eabi-10.3-2021.10/bin/../lib/gcc/arm-none-eabi/10.3.1/../../../../arm-none-eabi/lib/thumb/v7e-m+fp/hard/crt0.o
_start                                            /home/funtime/arm_gcc/gcc-arm-none-eabi-10.3-2021.10/bin/../lib/gcc/arm-none-eabi/10.3.1/../../../../arm-none-eabi/lib/thumb/v7e-m+fp/hard/crt0.o
adc_calibration_enable                            build/gd32f4xx_adc.o
adc_channel_16_to_18                              build/gd32f4xx_adc.o
adc_channel_length_config                         build/gd32f4xx_adc.o
adc_clock_config                                  build/gd32f4xx_adc.o
adc_data_alignment_config                         build/gd32f4xx_adc.o
adc_deinit                                        build/gd32f4xx_adc.o
adc_disable                                       build/gd32f4xx_adc.o
adc_discontinuous_mode_config                     build/gd32f4xx_adc.o
adc_dma_mode_disable                              build/gd32f4xx_adc.o
adc_dma_mode_enable                               build/gd32f4xx_adc.o
adc_dma_request_after_last_disable                build/gd32f4xx_adc.o
adc_dma_request_after_last_enable                 build/gd32f4xx_adc.o
adc_enable                                        build/gd32f4xx_adc.o
adc_end_of_conversion_config                      build/gd32f4xx_adc.o
adc_external_trigger_config                       build/gd32f4xx_adc.o
adc_external_trigger_source_config                build/gd32f4xx_adc.o
adc_flag_clear                                    build/gd32f4xx_adc.o
adc_flag_get                                      build/gd32f4xx_adc.o
adc_inserted_channel_config                       build/gd32f4xx_adc.o
adc_inserted_channel_offset_config                build/gd32f4xx_adc.o
adc_inserted_data_read                            build/gd32f4xx_adc.o
adc_inserted_software_startconv_flag_get          build/gd32f4xx_adc.o
adc_interrupt_disable                             build/gd32f4xx_adc.o
adc_interrupt_enable                              build/gd32f4xx_adc.o
adc_interrupt_flag_clear                          build/gd32f4xx_adc.o
adc_interrupt_flag_get                            build/gd32f4xx_adc.o
adc_oversample_mode_config                        build/gd32f4xx_adc.o
adc_oversample_mode_disable                       build/gd32f4xx_adc.o
adc_oversample_mode_enable                        build/gd32f4xx_adc.o
adc_resolution_config                             build/gd32f4xx_adc.o
adc_routine_channel_config                        build/gd32f4xx_adc.o
adc_routine_data_read                             build/gd32f4xx_adc.o
adc_routine_software_startconv_flag_get           build/gd32f4xx_adc.o
adc_software_trigger_enable                       build/gd32f4xx_adc.o
adc_special_function_config                       build/gd32f4xx_adc.o
adc_sync_delay_config                             build/gd32f4xx_adc.o
adc_sync_dma_config                               build/gd32f4xx_adc.o
adc_sync_dma_request_after_last_disable           build/gd32f4xx_adc.o
adc_sync_dma_request_after_last_enable            build/gd32f4xx_adc.o
adc_sync_mode_config                              build/gd32f4xx_adc.o
adc_sync_routine_data_read                        build/gd32f4xx_adc.o
adc_watchdog_disable                              build/gd32f4xx_adc.o
adc_watchdog_sequence_channel_enable              build/gd32f4xx_adc.o
adc_watchdog_single_channel_disable               build/gd32f4xx_adc.o
adc_watchdog_single_channel_enable                build/gd32f4xx_adc.o
adc_watchdog_threshold_config                     build/gd32f4xx_adc.o
atexit                                            /home/funtime/arm_gcc/gcc-arm-none-eabi-10.3-2021.10/bin/../lib/gcc/arm-none-eabi/10.3.1/../../../../arm-none-eabi/lib/thumb/v7e-m+fp/hard/crt0.o
can1_filter_start_bank                            build/gd32f4xx_can.o
can_debug_freeze_disable                          build/gd32f4xx_can.o
can_debug_freeze_enable                           build/gd32f4xx_can.o
can_deinit                                        build/gd32f4xx_can.o
can_error_get                                     build/gd32f4xx_can.o
can_fifo_release                                  build/gd32f4xx_can.o
can_filter_init                                   build/gd32f4xx_can.o
can_flag_clear                                    build/gd32f4xx_can.o
can_flag_get                                      build/gd32f4xx_can.o
can_init                                          build/gd32f4xx_can.o
can_interrupt_disable                             build/gd32f4xx_can.o
can_interrupt_enable                              build/gd32f4xx_can.o
can_interrupt_flag_clear                          build/gd32f4xx_can.o
can_interrupt_flag_get                            build/gd32f4xx_can.o
can_message_receive                               build/gd32f4xx_can.o
can_message_transmit                              build/gd32f4xx_can.o
can_receive_error_number_get                      build/gd32f4xx_can.o
can_receive_message_length_get                    build/gd32f4xx_can.o
can_struct_para_init                              build/gd32f4xx_can.o
can_time_trigger_mode_disable                     build/gd32f4xx_can.o
can_time_trigger_mode_enable                      build/gd32f4xx_can.o
can_transmission_stop                             build/gd32f4xx_can.o
can_transmit_error_number_get                     build/gd32f4xx_can.o
can_transmit_states                               build/gd32f4xx_can.o
can_wakeup                                        build/gd32f4xx_can.o
can_working_mode_set                              build/gd32f4xx_can.o
crc_block_data_calculate                          build/gd32f4xx_crc.o
crc_data_register_read                            build/gd32f4xx_crc.o
crc_data_register_reset                           build/gd32f4xx_crc.o
crc_deinit                                        build/gd32f4xx_crc.o
crc_free_data_register_read                       build/gd32f4xx_crc.o
crc_free_data_register_write                      build/gd32f4xx_crc.o
crc_single_data_calculate                         build/gd32f4xx_crc.o
ctc_clock_limit_value_config                      build/gd32f4xx_ctc.o
ctc_counter_capture_value_read                    build/gd32f4xx_ctc.o
ctc_counter_direction_read                        build/gd32f4xx_ctc.o
ctc_counter_disable                               build/gd32f4xx_ctc.o
ctc_counter_enable                                build/gd32f4xx_ctc.o
ctc_counter_reload_value_config                   build/gd32f4xx_ctc.o
ctc_counter_reload_value_read                     build/gd32f4xx_ctc.o
ctc_deinit                                        build/gd32f4xx_ctc.o
ctc_flag_clear                                    build/gd32f4xx_ctc.o
ctc_flag_get                                      build/gd32f4xx_ctc.o
ctc_hardware_trim_mode_config                     build/gd32f4xx_ctc.o
ctc_interrupt_disable                             build/gd32f4xx_ctc.o
ctc_interrupt_enable                              build/gd32f4xx_ctc.o
ctc_interrupt_flag_clear                          build/gd32f4xx_ctc.o
ctc_interrupt_flag_get                            build/gd32f4xx_ctc.o
ctc_irc48m_trim_value_config                      build/gd32f4xx_ctc.o
ctc_irc48m_trim_value_read                        build/gd32f4xx_ctc.o
ctc_refsource_polarity_config                     build/gd32f4xx_ctc.o
ctc_refsource_prescaler_config                    build/gd32f4xx_ctc.o
ctc_refsource_signal_select                       build/gd32f4xx_ctc.o
ctc_software_refsource_pulse_generate             build/gd32f4xx_ctc.o
dac_concurrent_data_set                           build/gd32f4xx_dac.o
dac_concurrent_disable                            build/gd32f4xx_dac.o
dac_concurrent_enable                             build/gd32f4xx_dac.o
dac_concurrent_interrupt_disable                  build/gd32f4xx_dac.o
dac_concurrent_interrupt_enable                   build/gd32f4xx_dac.o
dac_concurrent_output_buffer_disable              build/gd32f4xx_dac.o
dac_concurrent_output_buffer_enable               build/gd32f4xx_dac.o
dac_concurrent_software_trigger_disable           build/gd32f4xx_dac.o
dac_concurrent_software_trigger_enable            build/gd32f4xx_dac.o
dac_data_set                                      build/gd32f4xx_dac.o
dac_deinit                                        build/gd32f4xx_dac.o
dac_disable                                       build/gd32f4xx_dac.o
dac_dma_disable                                   build/gd32f4xx_dac.o
dac_dma_enable                                    build/gd32f4xx_dac.o
dac_enable                                        build/gd32f4xx_dac.o
dac_flag_clear                                    build/gd32f4xx_dac.o
dac_flag_get                                      build/gd32f4xx_dac.o
dac_interrupt_disable                             build/gd32f4xx_dac.o
dac_interrupt_enable                              build/gd32f4xx_dac.o
dac_interrupt_flag_clear                          build/gd32f4xx_dac.o
dac_interrupt_flag_get                            build/gd32f4xx_dac.o
dac_lfsr_noise_config                             build/gd32f4xx_dac.o
dac_output_buffer_disable                         build/gd32f4xx_dac.o
dac_output_buffer_enable                          build/gd32f4xx_dac.o
dac_output_value_get                              build/gd32f4xx_dac.o
dac_software_trigger_disable                      build/gd32f4xx_dac.o
dac_software_trigger_enable                       build/gd32f4xx_dac.o
dac_triangle_noise_config                         build/gd32f4xx_dac.o
dac_trigger_disable                               build/gd32f4xx_dac.o
dac_trigger_enable                                build/gd32f4xx_dac.o
dac_trigger_source_config                         build/gd32f4xx_dac.o
dac_wave_bit_width_config                         build/gd32f4xx_dac.o
dac_wave_mode_config                              build/gd32f4xx_dac.o
dbg_deinit                                        build/gd32f4xx_dbg.o
dbg_id_get                                        build/gd32f4xx_dbg.o
dbg_low_power_disable                             build/gd32f4xx_dbg.o
dbg_low_power_enable                              build/gd32f4xx_dbg.o
dbg_periph_disable                                build/gd32f4xx_dbg.o
                                                  build/gd32f4xx_can.o
dbg_periph_enable                                 build/gd32f4xx_dbg.o
                                                  build/gd32f4xx_can.o
dbg_trace_pin_disable                             build/gd32f4xx_dbg.o
dbg_trace_pin_enable                              build/gd32f4xx_dbg.o
dci_capture_disable                               build/gd32f4xx_dci.o
dci_capture_enable                                build/gd32f4xx_dci.o
dci_crop_window_config                            build/gd32f4xx_dci.o
dci_crop_window_disable                           build/gd32f4xx_dci.o
dci_crop_window_enable                            build/gd32f4xx_dci.o
dci_data_read                                     build/gd32f4xx_dci.o
dci_deinit                                        build/gd32f4xx_dci.o
dci_disable                                       build/gd32f4xx_dci.o
dci_embedded_sync_disable                         build/gd32f4xx_dci.o
dci_embedded_sync_enable                          build/gd32f4xx_dci.o
dci_enable                                        build/gd32f4xx_dci.o
dci_flag_get                                      build/gd32f4xx_dci.o
dci_init                                          build/gd32f4xx_dci.o
dci_interrupt_disable                             build/gd32f4xx_dci.o
dci_interrupt_enable                              build/gd32f4xx_dci.o
dci_interrupt_flag_clear                          build/gd32f4xx_dci.o
dci_interrupt_flag_get                            build/gd32f4xx_dci.o
dci_jpeg_disable                                  build/gd32f4xx_dci.o
dci_jpeg_enable                                   build/gd32f4xx_dci.o
dci_sync_codes_config                             build/gd32f4xx_dci.o
dci_sync_codes_unmask_config                      build/gd32f4xx_dci.o
delay_1ms                                         build/systick.o
delay_decrement                                   build/systick.o
                                                  build/gd32f4xx_it.o
dma_channel_disable                               build/gd32f4xx_dma.o
dma_channel_enable                                build/gd32f4xx_dma.o
dma_channel_subperipheral_select                  build/gd32f4xx_dma.o
dma_circulation_disable                           build/gd32f4xx_dma.o
dma_circulation_enable                            build/gd32f4xx_dma.o
dma_current_ptp_rxdesc                            build/gd32f4xx_enet.o
dma_current_ptp_txdesc                            build/gd32f4xx_enet.o
dma_current_rxdesc                                build/gd32f4xx_enet.o
dma_current_txdesc                                build/gd32f4xx_enet.o
dma_deinit                                        build/gd32f4xx_dma.o
dma_fifo_status_get                               build/gd32f4xx_dma.o
dma_flag_clear                                    build/gd32f4xx_dma.o
dma_flag_get                                      build/gd32f4xx_dma.o
dma_flow_controller_config                        build/gd32f4xx_dma.o
dma_interrupt_disable                             build/gd32f4xx_dma.o
dma_interrupt_enable                              build/gd32f4xx_dma.o
dma_interrupt_flag_clear                          build/gd32f4xx_dma.o
dma_interrupt_flag_get                            build/gd32f4xx_dma.o
dma_memory_address_config                         build/gd32f4xx_dma.o
dma_memory_address_generation_config              build/gd32f4xx_dma.o
dma_memory_burst_beats_config                     build/gd32f4xx_dma.o
dma_memory_width_config                           build/gd32f4xx_dma.o
dma_multi_data_mode_init                          build/gd32f4xx_dma.o
dma_multi_data_para_struct_init                   build/gd32f4xx_dma.o
dma_periph_address_config                         build/gd32f4xx_dma.o
dma_periph_burst_beats_config                     build/gd32f4xx_dma.o
dma_periph_width_config                           build/gd32f4xx_dma.o
dma_peripheral_address_generation_config          build/gd32f4xx_dma.o
dma_priority_config                               build/gd32f4xx_dma.o
dma_single_data_mode_init                         build/gd32f4xx_dma.o
dma_single_data_para_struct_init                  build/gd32f4xx_dma.o
dma_switch_buffer_mode_config                     build/gd32f4xx_dma.o
dma_switch_buffer_mode_enable                     build/gd32f4xx_dma.o
dma_transfer_direction_config                     build/gd32f4xx_dma.o
dma_transfer_number_config                        build/gd32f4xx_dma.o
dma_transfer_number_get                           build/gd32f4xx_dma.o
dma_using_memory_get                              build/gd32f4xx_dma.o
enet_address_filter_config                        build/gd32f4xx_enet.o
enet_address_filter_disable                       build/gd32f4xx_enet.o
enet_address_filter_enable                        build/gd32f4xx_enet.o
enet_current_desc_address_get                     build/gd32f4xx_enet.o
enet_debug_status_get                             build/gd32f4xx_enet.o
enet_deinit                                       build/gd32f4xx_enet.o
enet_desc_flag_clear                              build/gd32f4xx_enet.o
enet_desc_flag_get                                build/gd32f4xx_enet.o
enet_desc_flag_set                                build/gd32f4xx_enet.o
enet_desc_information_get                         build/gd32f4xx_enet.o
enet_desc_select_normal_mode                      build/gd32f4xx_enet.o
enet_descriptors_chain_init                       build/gd32f4xx_enet.o
enet_descriptors_ring_init                        build/gd32f4xx_enet.o
enet_disable                                      build/gd32f4xx_enet.o
enet_dma_feature_disable                          build/gd32f4xx_enet.o
enet_dma_feature_enable                           build/gd32f4xx_enet.o
enet_dmaprocess_resume                            build/gd32f4xx_enet.o
enet_dmaprocess_state_get                         build/gd32f4xx_enet.o
enet_enable                                       build/gd32f4xx_enet.o
enet_flag_clear                                   build/gd32f4xx_enet.o
enet_flag_get                                     build/gd32f4xx_enet.o
enet_fliter_feature_disable                       build/gd32f4xx_enet.o
enet_fliter_feature_enable                        build/gd32f4xx_enet.o
enet_flowcontrol_feature_disable                  build/gd32f4xx_enet.o
enet_flowcontrol_feature_enable                   build/gd32f4xx_enet.o
enet_flowcontrol_threshold_config                 build/gd32f4xx_enet.o
enet_forward_feature_disable                      build/gd32f4xx_enet.o
enet_forward_feature_enable                       build/gd32f4xx_enet.o
enet_frame_receive                                build/gd32f4xx_enet.o
enet_frame_transmit                               build/gd32f4xx_enet.o
enet_init                                         build/gd32f4xx_enet.o
enet_initpara_config                              build/gd32f4xx_enet.o
enet_initpara_reset                               build/gd32f4xx_enet.o
enet_interrupt_disable                            build/gd32f4xx_enet.o
enet_interrupt_enable                             build/gd32f4xx_enet.o
enet_interrupt_flag_clear                         build/gd32f4xx_enet.o
enet_interrupt_flag_get                           build/gd32f4xx_enet.o
enet_mac_address_get                              build/gd32f4xx_enet.o
enet_mac_address_set                              build/gd32f4xx_enet.o
enet_missed_frame_counter_get                     build/gd32f4xx_enet.o
enet_msc_counters_get                             build/gd32f4xx_enet.o
enet_msc_counters_preset_config                   build/gd32f4xx_enet.o
enet_msc_counters_reset                           build/gd32f4xx_enet.o
enet_msc_feature_disable                          build/gd32f4xx_enet.o
enet_msc_feature_enable                           build/gd32f4xx_enet.o
enet_pauseframe_config                            build/gd32f4xx_enet.o
enet_pauseframe_detect_config                     build/gd32f4xx_enet.o
enet_pauseframe_generate                          build/gd32f4xx_enet.o
enet_phy_config                                   build/gd32f4xx_enet.o
enet_phy_write_read                               build/gd32f4xx_enet.o
enet_phyloopback_disable                          build/gd32f4xx_enet.o
enet_phyloopback_enable                           build/gd32f4xx_enet.o
enet_ptp_expected_time_config                     build/gd32f4xx_enet.o
enet_ptp_feature_disable                          build/gd32f4xx_enet.o
enet_ptp_feature_enable                           build/gd32f4xx_enet.o
enet_ptp_normal_descriptors_chain_init            build/gd32f4xx_enet.o
enet_ptp_normal_descriptors_ring_init             build/gd32f4xx_enet.o
enet_ptp_pps_output_frequency_config              build/gd32f4xx_enet.o
enet_ptp_subsecond_increment_config               build/gd32f4xx_enet.o
enet_ptp_system_time_get                          build/gd32f4xx_enet.o
enet_ptp_timestamp_addend_config                  build/gd32f4xx_enet.o
enet_ptp_timestamp_function_config                build/gd32f4xx_enet.o
enet_ptp_timestamp_update_config                  build/gd32f4xx_enet.o
enet_ptpframe_receive_normal_mode                 build/gd32f4xx_enet.o
enet_ptpframe_transmit_normal_mode                build/gd32f4xx_enet.o
enet_registers_get                                build/gd32f4xx_enet.o
enet_rx_desc_delay_receive_complete_interrupt     build/gd32f4xx_enet.o
enet_rx_desc_immediate_receive_complete_interrupt build/gd32f4xx_enet.o
enet_rx_disable                                   build/gd32f4xx_enet.o
enet_rx_enable                                    build/gd32f4xx_enet.o
enet_rxframe_drop                                 build/gd32f4xx_enet.o
enet_rxframe_size_get                             build/gd32f4xx_enet.o
enet_rxprocess_check_recovery                     build/gd32f4xx_enet.o
enet_software_reset                               build/gd32f4xx_enet.o
enet_transmit_checksum_config                     build/gd32f4xx_enet.o
enet_tx_disable                                   build/gd32f4xx_enet.o
enet_tx_enable                                    build/gd32f4xx_enet.o
enet_txfifo_flush                                 build/gd32f4xx_enet.o
enet_wum_feature_disable                          build/gd32f4xx_enet.o
enet_wum_feature_enable                           build/gd32f4xx_enet.o
enet_wum_filter_config                            build/gd32f4xx_enet.o
enet_wum_filter_register_pointer_reset            build/gd32f4xx_enet.o
exit                                              /home/funtime/arm_gcc/gcc-arm-none-eabi-10.3-2021.10/bin/../lib/gcc/arm-none-eabi/10.3.1/../../../../arm-none-eabi/lib/thumb/v7e-m+fp/hard/libc_nano.a(lib_a-exit.o)
                                                  /home/funtime/arm_gcc/gcc-arm-none-eabi-10.3-2021.10/bin/../lib/gcc/arm-none-eabi/10.3.1/../../../../arm-none-eabi/lib/thumb/v7e-m+fp/hard/crt0.o
exmc_ecc_get                                      build/gd32f4xx_exmc.o
exmc_flag_clear                                   build/gd32f4xx_exmc.o
exmc_flag_get                                     build/gd32f4xx_exmc.o
exmc_interrupt_disable                            build/gd32f4xx_exmc.o
exmc_interrupt_enable                             build/gd32f4xx_exmc.o
exmc_interrupt_flag_clear                         build/gd32f4xx_exmc.o
exmc_interrupt_flag_get                           build/gd32f4xx_exmc.o
exmc_nand_deinit                                  build/gd32f4xx_exmc.o
exmc_nand_disable                                 build/gd32f4xx_exmc.o
exmc_nand_ecc_config                              build/gd32f4xx_exmc.o
exmc_nand_enable                                  build/gd32f4xx_exmc.o
exmc_nand_init                                    build/gd32f4xx_exmc.o
exmc_nand_struct_para_init                        build/gd32f4xx_exmc.o
exmc_norsram_consecutive_clock_config             build/gd32f4xx_exmc.o
exmc_norsram_deinit                               build/gd32f4xx_exmc.o
exmc_norsram_disable                              build/gd32f4xx_exmc.o
exmc_norsram_enable                               build/gd32f4xx_exmc.o
exmc_norsram_init                                 build/gd32f4xx_exmc.o
exmc_norsram_page_size_config                     build/gd32f4xx_exmc.o
exmc_norsram_struct_para_init                     build/gd32f4xx_exmc.o
exmc_pccard_deinit                                build/gd32f4xx_exmc.o
exmc_pccard_disable                               build/gd32f4xx_exmc.o
exmc_pccard_enable                                build/gd32f4xx_exmc.o
exmc_pccard_init                                  build/gd32f4xx_exmc.o
exmc_pccard_struct_para_init                      build/gd32f4xx_exmc.o
exmc_sdram_autorefresh_number_set                 build/gd32f4xx_exmc.o
exmc_sdram_bankstatus_get                         build/gd32f4xx_exmc.o
exmc_sdram_command_config                         build/gd32f4xx_exmc.o
exmc_sdram_deinit                                 build/gd32f4xx_exmc.o
exmc_sdram_init                                   build/gd32f4xx_exmc.o
exmc_sdram_readsample_config                      build/gd32f4xx_exmc.o
exmc_sdram_readsample_enable                      build/gd32f4xx_exmc.o
exmc_sdram_refresh_count_set                      build/gd32f4xx_exmc.o
exmc_sdram_struct_command_para_init               build/gd32f4xx_exmc.o
exmc_sdram_struct_para_init                       build/gd32f4xx_exmc.o
exmc_sdram_write_protection_config                build/gd32f4xx_exmc.o
exmc_sqpipsram_deinit                             build/gd32f4xx_exmc.o
exmc_sqpipsram_high_id_get                        build/gd32f4xx_exmc.o
exmc_sqpipsram_init                               build/gd32f4xx_exmc.o
exmc_sqpipsram_low_id_get                         build/gd32f4xx_exmc.o
exmc_sqpipsram_read_command_set                   build/gd32f4xx_exmc.o
exmc_sqpipsram_read_id_command_send               build/gd32f4xx_exmc.o
exmc_sqpipsram_send_command_state_get             build/gd32f4xx_exmc.o
exmc_sqpipsram_struct_para_init                   build/gd32f4xx_exmc.o
exmc_sqpipsram_write_cmd_send                     build/gd32f4xx_exmc.o
exmc_sqpipsram_write_command_set                  build/gd32f4xx_exmc.o
exti_deinit                                       build/gd32f4xx_exti.o
exti_event_disable                                build/gd32f4xx_exti.o
exti_event_enable                                 build/gd32f4xx_exti.o
exti_flag_clear                                   build/gd32f4xx_exti.o
exti_flag_get                                     build/gd32f4xx_exti.o
exti_init                                         build/gd32f4xx_exti.o
exti_interrupt_disable                            build/gd32f4xx_exti.o
exti_interrupt_enable                             build/gd32f4xx_exti.o
exti_interrupt_flag_clear                         build/gd32f4xx_exti.o
exti_interrupt_flag_get                           build/gd32f4xx_exti.o
exti_software_interrupt_disable                   build/gd32f4xx_exti.o
exti_software_interrupt_enable                    build/gd32f4xx_exti.o
fmc_bank0_erase                                   build/gd32f4xx_fmc.o
fmc_bank1_erase                                   build/gd32f4xx_fmc.o
fmc_byte_program                                  build/gd32f4xx_fmc.o
fmc_flag_clear                                    build/gd32f4xx_fmc.o
fmc_flag_get                                      build/gd32f4xx_fmc.o
fmc_halfword_program                              build/gd32f4xx_fmc.o
fmc_interrupt_disable                             build/gd32f4xx_fmc.o
fmc_interrupt_enable                              build/gd32f4xx_fmc.o
fmc_interrupt_flag_clear                          build/gd32f4xx_fmc.o
fmc_interrupt_flag_get                            build/gd32f4xx_fmc.o
fmc_lock                                          build/gd32f4xx_fmc.o
fmc_mass_erase                                    build/gd32f4xx_fmc.o
fmc_page_erase                                    build/gd32f4xx_fmc.o
fmc_ready_wait                                    build/gd32f4xx_fmc.o
fmc_sector_erase                                  build/gd32f4xx_fmc.o
fmc_state_get                                     build/gd32f4xx_fmc.o
fmc_unlock                                        build/gd32f4xx_fmc.o
fmc_word_program                                  build/gd32f4xx_fmc.o
fmc_wscnt_set                                     build/gd32f4xx_fmc.o
fwdgt_config                                      build/gd32f4xx_fwdgt.o
fwdgt_counter_reload                              build/gd32f4xx_fwdgt.o
fwdgt_enable                                      build/gd32f4xx_fwdgt.o
fwdgt_flag_get                                    build/gd32f4xx_fwdgt.o
fwdgt_prescaler_value_config                      build/gd32f4xx_fwdgt.o
fwdgt_reload_value_config                         build/gd32f4xx_fwdgt.o
fwdgt_write_disable                               build/gd32f4xx_fwdgt.o
fwdgt_write_enable                                build/gd32f4xx_fwdgt.o
g_pfnVectors                                      build/startup_stm32f427xx.o
gpio_af_set                                       build/gd32f4xx_gpio.o
gpio_bit_reset                                    build/gd32f4xx_gpio.o
gpio_bit_set                                      build/gd32f4xx_gpio.o
gpio_bit_toggle                                   build/gd32f4xx_gpio.o
gpio_bit_write                                    build/gd32f4xx_gpio.o
gpio_deinit                                       build/gd32f4xx_gpio.o
gpio_input_bit_get                                build/gd32f4xx_gpio.o
gpio_input_port_get                               build/gd32f4xx_gpio.o
gpio_mode_set                                     build/gd32f4xx_gpio.o
gpio_output_bit_get                               build/gd32f4xx_gpio.o
gpio_output_options_set                           build/gd32f4xx_gpio.o
gpio_output_port_get                              build/gd32f4xx_gpio.o
gpio_pin_lock                                     build/gd32f4xx_gpio.o
gpio_port_toggle                                  build/gd32f4xx_gpio.o
gpio_port_write                                   build/gd32f4xx_gpio.o
hardware_init_hook                                /home/funtime/arm_gcc/gcc-arm-none-eabi-10.3-2021.10/bin/../lib/gcc/arm-none-eabi/10.3.1/../../../../arm-none-eabi/lib/thumb/v7e-m+fp/hard/crt0.o
i2c_ack_config                                    build/gd32f4xx_i2c.o
i2c_ackpos_config                                 build/gd32f4xx_i2c.o
i2c_analog_noise_filter_disable                   build/gd32f4xx_i2c.o
i2c_analog_noise_filter_enable                    build/gd32f4xx_i2c.o
i2c_clock_config                                  build/gd32f4xx_i2c.o
i2c_data_receive                                  build/gd32f4xx_i2c.o
i2c_data_transmit                                 build/gd32f4xx_i2c.o
i2c_deinit                                        build/gd32f4xx_i2c.o
i2c_digital_noise_filter_config                   build/gd32f4xx_i2c.o
i2c_disable                                       build/gd32f4xx_i2c.o
i2c_dma_config                                    build/gd32f4xx_i2c.o
i2c_dma_last_transfer_config                      build/gd32f4xx_i2c.o
i2c_dualaddr_disable                              build/gd32f4xx_i2c.o
i2c_dualaddr_enable                               build/gd32f4xx_i2c.o
i2c_enable                                        build/gd32f4xx_i2c.o
i2c_flag_clear                                    build/gd32f4xx_i2c.o
i2c_flag_get                                      build/gd32f4xx_i2c.o
i2c_interrupt_disable                             build/gd32f4xx_i2c.o
i2c_interrupt_enable                              build/gd32f4xx_i2c.o
i2c_interrupt_flag_clear                          build/gd32f4xx_i2c.o
i2c_interrupt_flag_get                            build/gd32f4xx_i2c.o
i2c_master_addressing                             build/gd32f4xx_i2c.o
i2c_mode_addr_config                              build/gd32f4xx_i2c.o
i2c_pec_config                                    build/gd32f4xx_i2c.o
i2c_pec_transfer_config                           build/gd32f4xx_i2c.o
i2c_pec_value_get                                 build/gd32f4xx_i2c.o
i2c_sam_disable                                   build/gd32f4xx_i2c.o
i2c_sam_enable                                    build/gd32f4xx_i2c.o
i2c_sam_timeout_disable                           build/gd32f4xx_i2c.o
i2c_sam_timeout_enable                            build/gd32f4xx_i2c.o
i2c_slave_response_to_gcall_config                build/gd32f4xx_i2c.o
i2c_smbus_alert_config                            build/gd32f4xx_i2c.o
i2c_smbus_arp_config                              build/gd32f4xx_i2c.o
i2c_smbus_type_config                             build/gd32f4xx_i2c.o
i2c_software_reset_config                         build/gd32f4xx_i2c.o
i2c_start_on_bus                                  build/gd32f4xx_i2c.o
i2c_stop_on_bus                                   build/gd32f4xx_i2c.o
i2c_stretch_scl_low_config                        build/gd32f4xx_i2c.o
i2s_disable                                       build/gd32f4xx_spi.o
i2s_enable                                        build/gd32f4xx_spi.o
i2s_full_duplex_mode_config                       build/gd32f4xx_spi.o
i2s_init                                          build/gd32f4xx_spi.o
i2s_psc_config                                    build/gd32f4xx_spi.o
ipa_background_init                               build/gd32f4xx_ipa.o
ipa_background_lut_init                           build/gd32f4xx_ipa.o
ipa_background_lut_loading_enable                 build/gd32f4xx_ipa.o
ipa_background_struct_para_init                   build/gd32f4xx_ipa.o
ipa_deinit                                        build/gd32f4xx_ipa.o
ipa_destination_init                              build/gd32f4xx_ipa.o
ipa_destination_struct_para_init                  build/gd32f4xx_ipa.o
ipa_flag_clear                                    build/gd32f4xx_ipa.o
ipa_flag_get                                      build/gd32f4xx_ipa.o
ipa_foreground_init                               build/gd32f4xx_ipa.o
ipa_foreground_lut_init                           build/gd32f4xx_ipa.o
ipa_foreground_lut_loading_enable                 build/gd32f4xx_ipa.o
ipa_foreground_struct_para_init                   build/gd32f4xx_ipa.o
ipa_inter_timer_config                            build/gd32f4xx_ipa.o
ipa_interrupt_disable                             build/gd32f4xx_ipa.o
ipa_interrupt_enable                              build/gd32f4xx_ipa.o
ipa_interrupt_flag_clear                          build/gd32f4xx_ipa.o
ipa_interrupt_flag_get                            build/gd32f4xx_ipa.o
ipa_interval_clock_num_config                     build/gd32f4xx_ipa.o
ipa_line_mark_config                              build/gd32f4xx_ipa.o
ipa_pixel_format_convert_mode_set                 build/gd32f4xx_ipa.o
ipa_transfer_enable                               build/gd32f4xx_ipa.o
ipa_transfer_hangup_disable                       build/gd32f4xx_ipa.o
ipa_transfer_hangup_enable                        build/gd32f4xx_ipa.o
ipa_transfer_stop_disable                         build/gd32f4xx_ipa.o
ipa_transfer_stop_enable                          build/gd32f4xx_ipa.o
iref_deinit                                       build/gd32f4xx_iref.o
iref_disable                                      build/gd32f4xx_iref.o
iref_enable                                       build/gd32f4xx_iref.o
iref_mode_set                                     build/gd32f4xx_iref.o
iref_precision_trim_value_set                     build/gd32f4xx_iref.o
iref_sink_set                                     build/gd32f4xx_iref.o
iref_step_data_config                             build/gd32f4xx_iref.o
main                                              build/main.o
                                                  build/startup_stm32f427xx.o
                                                  /home/funtime/arm_gcc/gcc-arm-none-eabi-10.3-2021.10/bin/../lib/gcc/arm-none-eabi/10.3.1/../../../../arm-none-eabi/lib/thumb/v7e-m+fp/hard/crt0.o
memset                                            /home/funtime/arm_gcc/gcc-arm-none-eabi-10.3-2021.10/bin/../lib/gcc/arm-none-eabi/10.3.1/../../../../arm-none-eabi/lib/thumb/v7e-m+fp/hard/libc_nano.a(lib_a-memset.o)
                                                  /home/funtime/arm_gcc/gcc-arm-none-eabi-10.3-2021.10/bin/../lib/gcc/arm-none-eabi/10.3.1/../../../../arm-none-eabi/lib/thumb/v7e-m+fp/hard/crt0.o
nvic_irq_disable                                  build/gd32f4xx_misc.o
nvic_irq_enable                                   build/gd32f4xx_misc.o
nvic_priority_group_set                           build/gd32f4xx_misc.o
nvic_vector_table_set                             build/gd32f4xx_misc.o
ob_boot_mode_config                               build/gd32f4xx_fmc.o
ob_drp0_get                                       build/gd32f4xx_fmc.o
ob_drp1_get                                       build/gd32f4xx_fmc.o
ob_drp_disable                                    build/gd32f4xx_fmc.o
ob_drp_enable                                     build/gd32f4xx_fmc.o
ob_erase                                          build/gd32f4xx_fmc.o
ob_lock                                           build/gd32f4xx_fmc.o
ob_security_protection_config                     build/gd32f4xx_fmc.o
ob_spc_get                                        build/gd32f4xx_fmc.o
ob_start                                          build/gd32f4xx_fmc.o
ob_unlock                                         build/gd32f4xx_fmc.o
ob_user_bor_threshold                             build/gd32f4xx_fmc.o
ob_user_bor_threshold_get                         build/gd32f4xx_fmc.o
ob_user_get                                       build/gd32f4xx_fmc.o
ob_user_write                                     build/gd32f4xx_fmc.o
ob_write_protection0_get                          build/gd32f4xx_fmc.o
ob_write_protection1_get                          build/gd32f4xx_fmc.o
ob_write_protection_disable                       build/gd32f4xx_fmc.o
ob_write_protection_enable                        build/gd32f4xx_fmc.o
pmu_backup_ldo_config                             build/gd32f4xx_pmu.o
pmu_backup_write_disable                          build/gd32f4xx_pmu.o
pmu_backup_write_enable                           build/gd32f4xx_pmu.o
pmu_deinit                                        build/gd32f4xx_pmu.o
pmu_flag_clear                                    build/gd32f4xx_pmu.o
pmu_flag_get                                      build/gd32f4xx_pmu.o
pmu_highdriver_mode_disable                       build/gd32f4xx_pmu.o
pmu_highdriver_mode_enable                        build/gd32f4xx_pmu.o
pmu_highdriver_switch_select                      build/gd32f4xx_pmu.o
pmu_ldo_output_select                             build/gd32f4xx_pmu.o
pmu_lowdriver_mode_disable                        build/gd32f4xx_pmu.o
pmu_lowdriver_mode_enable                         build/gd32f4xx_pmu.o
pmu_lowpower_driver_config                        build/gd32f4xx_pmu.o
pmu_lvd_disable                                   build/gd32f4xx_pmu.o
pmu_lvd_select                                    build/gd32f4xx_pmu.o
pmu_normalpower_driver_config                     build/gd32f4xx_pmu.o
pmu_to_deepsleepmode                              build/gd32f4xx_pmu.o
pmu_to_sleepmode                                  build/gd32f4xx_pmu.o
pmu_to_standbymode                                build/gd32f4xx_pmu.o
pmu_wakeup_pin_disable                            build/gd32f4xx_pmu.o
pmu_wakeup_pin_enable                             build/gd32f4xx_pmu.o
rcu_ahb_clock_config                              build/gd32f4xx_rcu.o
rcu_all_reset_flag_clear                          build/gd32f4xx_rcu.o
rcu_apb1_clock_config                             build/gd32f4xx_rcu.o
rcu_apb2_clock_config                             build/gd32f4xx_rcu.o
rcu_bkp_reset_disable                             build/gd32f4xx_rcu.o
rcu_bkp_reset_enable                              build/gd32f4xx_rcu.o
rcu_ck48m_clock_config                            build/gd32f4xx_rcu.o
rcu_ckout0_config                                 build/gd32f4xx_rcu.o
rcu_ckout1_config                                 build/gd32f4xx_rcu.o
rcu_clock_freq_get                                build/gd32f4xx_rcu.o
                                                  build/gd32f4xx_usart.o
                                                  build/gd32f4xx_i2c.o
                                                  build/gd32f4xx_enet.o
rcu_deepsleep_voltage_set                         build/gd32f4xx_rcu.o
rcu_deinit                                        build/gd32f4xx_rcu.o
rcu_flag_get                                      build/gd32f4xx_rcu.o
rcu_hxtal_clock_monitor_disable                   build/gd32f4xx_rcu.o
rcu_hxtal_clock_monitor_enable                    build/gd32f4xx_rcu.o
rcu_i2s_clock_config                              build/gd32f4xx_rcu.o
                                                  build/gd32f4xx_spi.o
rcu_interrupt_disable                             build/gd32f4xx_rcu.o
rcu_interrupt_enable                              build/gd32f4xx_rcu.o
rcu_interrupt_flag_clear                          build/gd32f4xx_rcu.o
rcu_interrupt_flag_get                            build/gd32f4xx_rcu.o
rcu_irc16m_adjust_value_set                       build/gd32f4xx_rcu.o
rcu_lxtal_drive_capability_config                 build/gd32f4xx_rcu.o
rcu_osci_bypass_mode_disable                      build/gd32f4xx_rcu.o
rcu_osci_bypass_mode_enable                       build/gd32f4xx_rcu.o
rcu_osci_off                                      build/gd32f4xx_rcu.o
rcu_osci_on                                       build/gd32f4xx_rcu.o
                                                  build/gd32f4xx_spi.o
rcu_osci_stab_wait                                build/gd32f4xx_rcu.o
                                                  build/gd32f4xx_spi.o
rcu_periph_clock_disable                          build/gd32f4xx_rcu.o
rcu_periph_clock_enable                           build/gd32f4xx_rcu.o
rcu_periph_clock_sleep_disable                    build/gd32f4xx_rcu.o
rcu_periph_clock_sleep_enable                     build/gd32f4xx_rcu.o
rcu_periph_reset_disable                          build/gd32f4xx_rcu.o
                                                  build/gd32f4xx_wwdgt.o
                                                  build/gd32f4xx_trng.o
                                                  build/gd32f4xx_tli.o
                                                  build/gd32f4xx_timer.o
                                                  build/gd32f4xx_syscfg.o
                                                  build/gd32f4xx_spi.o
                                                  build/gd32f4xx_sdio.o
                                                  build/gd32f4xx_pmu.o
                                                  build/gd32f4xx_iref.o
                                                  build/gd32f4xx_ipa.o
                                                  build/gd32f4xx_usart.o
                                                  build/gd32f4xx_i2c.o
                                                  build/gd32f4xx_gpio.o
                                                  build/gd32f4xx_enet.o
                                                  build/gd32f4xx_dci.o
                                                  build/gd32f4xx_dac.o
                                                  build/gd32f4xx_ctc.o
                                                  build/gd32f4xx_can.o
                                                  build/gd32f4xx_adc.o
rcu_periph_reset_enable                           build/gd32f4xx_rcu.o
                                                  build/gd32f4xx_wwdgt.o
                                                  build/gd32f4xx_trng.o
                                                  build/gd32f4xx_tli.o
                                                  build/gd32f4xx_timer.o
                                                  build/gd32f4xx_syscfg.o
                                                  build/gd32f4xx_spi.o
                                                  build/gd32f4xx_sdio.o
                                                  build/gd32f4xx_pmu.o
                                                  build/gd32f4xx_iref.o
                                                  build/gd32f4xx_ipa.o
                                                  build/gd32f4xx_usart.o
                                                  build/gd32f4xx_i2c.o
                                                  build/gd32f4xx_gpio.o
                                                  build/gd32f4xx_enet.o
                                                  build/gd32f4xx_dci.o
                                                  build/gd32f4xx_dac.o
                                                  build/gd32f4xx_ctc.o
                                                  build/gd32f4xx_can.o
                                                  build/gd32f4xx_adc.o
rcu_pll48m_clock_config                           build/gd32f4xx_rcu.o
rcu_pll_config                                    build/gd32f4xx_rcu.o
rcu_plli2s_config                                 build/gd32f4xx_rcu.o
rcu_pllsai_config                                 build/gd32f4xx_rcu.o
rcu_rtc_clock_config                              build/gd32f4xx_rcu.o
rcu_rtc_div_config                                build/gd32f4xx_rcu.o
rcu_spread_spectrum_config                        build/gd32f4xx_rcu.o
rcu_spread_spectrum_disable                       build/gd32f4xx_rcu.o
rcu_spread_spectrum_enable                        build/gd32f4xx_rcu.o
rcu_system_clock_source_config                    build/gd32f4xx_rcu.o
rcu_system_clock_source_get                       build/gd32f4xx_rcu.o
rcu_timer_clock_prescaler_config                  build/gd32f4xx_rcu.o
rcu_tli_clock_div_config                          build/gd32f4xx_rcu.o
rcu_voltage_key_unlock                            build/gd32f4xx_rcu.o
rtc_alarm_config                                  build/gd32f4xx_rtc.o
rtc_alarm_disable                                 build/gd32f4xx_rtc.o
rtc_alarm_enable                                  build/gd32f4xx_rtc.o
rtc_alarm_get                                     build/gd32f4xx_rtc.o
rtc_alarm_output_config                           build/gd32f4xx_rtc.o
rtc_alarm_subsecond_config                        build/gd32f4xx_rtc.o
rtc_alarm_subsecond_get                           build/gd32f4xx_rtc.o
rtc_bypass_shadow_disable                         build/gd32f4xx_rtc.o
rtc_bypass_shadow_enable                          build/gd32f4xx_rtc.o
rtc_calibration_output_config                     build/gd32f4xx_rtc.o
rtc_coarse_calibration_config                     build/gd32f4xx_rtc.o
rtc_coarse_calibration_disable                    build/gd32f4xx_rtc.o
rtc_coarse_calibration_enable                     build/gd32f4xx_rtc.o
rtc_current_time_get                              build/gd32f4xx_rtc.o
rtc_deinit                                        build/gd32f4xx_rtc.o
rtc_flag_clear                                    build/gd32f4xx_rtc.o
rtc_flag_get                                      build/gd32f4xx_rtc.o
rtc_hour_adjust                                   build/gd32f4xx_rtc.o
rtc_init                                          build/gd32f4xx_rtc.o
rtc_init_mode_enter                               build/gd32f4xx_rtc.o
rtc_init_mode_exit                                build/gd32f4xx_rtc.o
rtc_interrupt_disable                             build/gd32f4xx_rtc.o
rtc_interrupt_enable                              build/gd32f4xx_rtc.o
rtc_refclock_detection_disable                    build/gd32f4xx_rtc.o
rtc_refclock_detection_enable                     build/gd32f4xx_rtc.o
rtc_register_sync_wait                            build/gd32f4xx_rtc.o
rtc_second_adjust                                 build/gd32f4xx_rtc.o
rtc_smooth_calibration_config                     build/gd32f4xx_rtc.o
rtc_subsecond_get                                 build/gd32f4xx_rtc.o
rtc_tamper0_pin_map                               build/gd32f4xx_rtc.o
rtc_tamper_disable                                build/gd32f4xx_rtc.o
rtc_tamper_enable                                 build/gd32f4xx_rtc.o
rtc_timestamp_disable                             build/gd32f4xx_rtc.o
rtc_timestamp_enable                              build/gd32f4xx_rtc.o
rtc_timestamp_get                                 build/gd32f4xx_rtc.o
rtc_timestamp_pin_map                             build/gd32f4xx_rtc.o
rtc_timestamp_subsecond_get                       build/gd32f4xx_rtc.o
rtc_wakeup_clock_set                              build/gd32f4xx_rtc.o
rtc_wakeup_disable                                build/gd32f4xx_rtc.o
rtc_wakeup_enable                                 build/gd32f4xx_rtc.o
rtc_wakeup_timer_get                              build/gd32f4xx_rtc.o
rtc_wakeup_timer_set                              build/gd32f4xx_rtc.o
rx_buff                                           build/gd32f4xx_enet.o
rxdesc_tab                                        build/gd32f4xx_enet.o
sdio_bus_mode_set                                 build/gd32f4xx_sdio.o
sdio_ceata_command_completion_disable             build/gd32f4xx_sdio.o
sdio_ceata_command_completion_enable              build/gd32f4xx_sdio.o
sdio_ceata_command_disable                        build/gd32f4xx_sdio.o
sdio_ceata_command_enable                         build/gd32f4xx_sdio.o
sdio_ceata_interrupt_disable                      build/gd32f4xx_sdio.o
sdio_ceata_interrupt_enable                       build/gd32f4xx_sdio.o
sdio_clock_config                                 build/gd32f4xx_sdio.o
sdio_clock_disable                                build/gd32f4xx_sdio.o
sdio_clock_enable                                 build/gd32f4xx_sdio.o
sdio_command_index_get                            build/gd32f4xx_sdio.o
sdio_command_response_config                      build/gd32f4xx_sdio.o
sdio_csm_disable                                  build/gd32f4xx_sdio.o
sdio_csm_enable                                   build/gd32f4xx_sdio.o
sdio_data_config                                  build/gd32f4xx_sdio.o
sdio_data_counter_get                             build/gd32f4xx_sdio.o
sdio_data_read                                    build/gd32f4xx_sdio.o
sdio_data_transfer_config                         build/gd32f4xx_sdio.o
sdio_data_write                                   build/gd32f4xx_sdio.o
sdio_deinit                                       build/gd32f4xx_sdio.o
sdio_dma_disable                                  build/gd32f4xx_sdio.o
sdio_dma_enable                                   build/gd32f4xx_sdio.o
sdio_dsm_disable                                  build/gd32f4xx_sdio.o
sdio_dsm_enable                                   build/gd32f4xx_sdio.o
sdio_fifo_counter_get                             build/gd32f4xx_sdio.o
sdio_flag_clear                                   build/gd32f4xx_sdio.o
sdio_flag_get                                     build/gd32f4xx_sdio.o
sdio_hardware_clock_disable                       build/gd32f4xx_sdio.o
sdio_hardware_clock_enable                        build/gd32f4xx_sdio.o
sdio_interrupt_disable                            build/gd32f4xx_sdio.o
sdio_interrupt_enable                             build/gd32f4xx_sdio.o
sdio_interrupt_flag_clear                         build/gd32f4xx_sdio.o
sdio_interrupt_flag_get                           build/gd32f4xx_sdio.o
sdio_operation_disable                            build/gd32f4xx_sdio.o
sdio_operation_enable                             build/gd32f4xx_sdio.o
sdio_power_state_get                              build/gd32f4xx_sdio.o
sdio_power_state_set                              build/gd32f4xx_sdio.o
sdio_readwait_disable                             build/gd32f4xx_sdio.o
sdio_readwait_enable                              build/gd32f4xx_sdio.o
sdio_readwait_type_set                            build/gd32f4xx_sdio.o
sdio_response_get                                 build/gd32f4xx_sdio.o
sdio_stop_readwait_disable                        build/gd32f4xx_sdio.o
sdio_stop_readwait_enable                         build/gd32f4xx_sdio.o
sdio_suspend_disable                              build/gd32f4xx_sdio.o
sdio_suspend_enable                               build/gd32f4xx_sdio.o
sdio_wait_type_set                                build/gd32f4xx_sdio.o
software_init_hook                                /home/funtime/arm_gcc/gcc-arm-none-eabi-10.3-2021.10/bin/../lib/gcc/arm-none-eabi/10.3.1/../../../../arm-none-eabi/lib/thumb/v7e-m+fp/hard/crt0.o
spi_bidirectional_transfer_config                 build/gd32f4xx_spi.o
spi_crc_error_clear                               build/gd32f4xx_spi.o
spi_crc_get                                       build/gd32f4xx_spi.o
spi_crc_next                                      build/gd32f4xx_spi.o
spi_crc_off                                       build/gd32f4xx_spi.o
spi_crc_on                                        build/gd32f4xx_spi.o
spi_crc_polynomial_get                            build/gd32f4xx_spi.o
spi_crc_polynomial_set                            build/gd32f4xx_spi.o
spi_disable                                       build/gd32f4xx_spi.o
spi_dma_disable                                   build/gd32f4xx_spi.o
spi_dma_enable                                    build/gd32f4xx_spi.o
spi_enable                                        build/gd32f4xx_spi.o
spi_i2s_data_frame_format_config                  build/gd32f4xx_spi.o
spi_i2s_data_receive                              build/gd32f4xx_spi.o
spi_i2s_data_transmit                             build/gd32f4xx_spi.o
spi_i2s_deinit                                    build/gd32f4xx_spi.o
spi_i2s_flag_get                                  build/gd32f4xx_spi.o
spi_i2s_interrupt_disable                         build/gd32f4xx_spi.o
spi_i2s_interrupt_enable                          build/gd32f4xx_spi.o
spi_i2s_interrupt_flag_get                        build/gd32f4xx_spi.o
spi_init                                          build/gd32f4xx_spi.o
spi_nss_internal_high                             build/gd32f4xx_spi.o
spi_nss_internal_low                              build/gd32f4xx_spi.o
spi_nss_output_disable                            build/gd32f4xx_spi.o
spi_nss_output_enable                             build/gd32f4xx_spi.o
spi_quad_disable                                  build/gd32f4xx_spi.o
spi_quad_enable                                   build/gd32f4xx_spi.o
spi_quad_io23_output_disable                      build/gd32f4xx_spi.o
spi_quad_io23_output_enable                       build/gd32f4xx_spi.o
spi_quad_read_enable                              build/gd32f4xx_spi.o
spi_quad_write_enable                             build/gd32f4xx_spi.o
spi_struct_para_init                              build/gd32f4xx_spi.o
spi_ti_mode_disable                               build/gd32f4xx_spi.o
spi_ti_mode_enable                                build/gd32f4xx_spi.o
syscfg_bootmode_config                            build/gd32f4xx_syscfg.o
syscfg_compensation_config                        build/gd32f4xx_syscfg.o
syscfg_deinit                                     build/gd32f4xx_syscfg.o
syscfg_enet_phy_interface_config                  build/gd32f4xx_syscfg.o
syscfg_exmc_swap_config                           build/gd32f4xx_syscfg.o
syscfg_exti_line_config                           build/gd32f4xx_syscfg.o
syscfg_flag_get                                   build/gd32f4xx_syscfg.o
syscfg_fmc_swap_config                            build/gd32f4xx_syscfg.o
system_lowpower_reset                             build/gd32f4xx_misc.o
system_lowpower_set                               build/gd32f4xx_misc.o
systick_clksource_set                             build/gd32f4xx_misc.o
systick_config                                    build/systick.o
                                                  build/main.o
timer_auto_reload_shadow_disable                  build/gd32f4xx_timer.o
timer_auto_reload_shadow_enable                   build/gd32f4xx_timer.o
timer_automatic_output_disable                    build/gd32f4xx_timer.o
timer_automatic_output_enable                     build/gd32f4xx_timer.o
timer_autoreload_value_config                     build/gd32f4xx_timer.o
timer_break_config                                build/gd32f4xx_timer.o
timer_break_disable                               build/gd32f4xx_timer.o
timer_break_enable                                build/gd32f4xx_timer.o
timer_break_struct_para_init                      build/gd32f4xx_timer.o
timer_channel_capture_value_register_read         build/gd32f4xx_timer.o
timer_channel_complementary_output_polarity_config build/gd32f4xx_timer.o
timer_channel_complementary_output_state_config   build/gd32f4xx_timer.o
timer_channel_control_shadow_config               build/gd32f4xx_timer.o
timer_channel_control_shadow_update_config        build/gd32f4xx_timer.o
timer_channel_dma_request_source_select           build/gd32f4xx_timer.o
timer_channel_input_capture_prescaler_config      build/gd32f4xx_timer.o
timer_channel_input_struct_para_init              build/gd32f4xx_timer.o
timer_channel_output_clear_config                 build/gd32f4xx_timer.o
timer_channel_output_config                       build/gd32f4xx_timer.o
timer_channel_output_fast_config                  build/gd32f4xx_timer.o
timer_channel_output_mode_config                  build/gd32f4xx_timer.o
timer_channel_output_polarity_config              build/gd32f4xx_timer.o
timer_channel_output_pulse_value_config           build/gd32f4xx_timer.o
timer_channel_output_shadow_config                build/gd32f4xx_timer.o
timer_channel_output_state_config                 build/gd32f4xx_timer.o
timer_channel_output_struct_para_init             build/gd32f4xx_timer.o